Archive member included to satisfy reference by file (symbol)

d:/programs/atmel studio/7.0/toolchain/avr8/avr8-gnu-toolchain/bin/../lib/gcc/avr/5.4.0/../../../../avr/lib/avr5\libm.a(addsf3.o)
                              src/console/console.o (__subsf3)
d:/programs/atmel studio/7.0/toolchain/avr8/avr8-gnu-toolchain/bin/../lib/gcc/avr/5.4.0/../../../../avr/lib/avr5\libm.a(addsf3x.o)
                              d:/programs/atmel studio/7.0/toolchain/avr8/avr8-gnu-toolchain/bin/../lib/gcc/avr/5.4.0/../../../../avr/lib/avr5\libm.a(addsf3.o) (__addsf3x)
d:/programs/atmel studio/7.0/toolchain/avr8/avr8-gnu-toolchain/bin/../lib/gcc/avr/5.4.0/../../../../avr/lib/avr5\libm.a(cmpsf2.o)
                              src/console/console.o (__ltsf2)
d:/programs/atmel studio/7.0/toolchain/avr8/avr8-gnu-toolchain/bin/../lib/gcc/avr/5.4.0/../../../../avr/lib/avr5\libm.a(divsf3.o)
                              src/console/console.o (__divsf3)
d:/programs/atmel studio/7.0/toolchain/avr8/avr8-gnu-toolchain/bin/../lib/gcc/avr/5.4.0/../../../../avr/lib/avr5\libm.a(divsf3x.o)
                              d:/programs/atmel studio/7.0/toolchain/avr8/avr8-gnu-toolchain/bin/../lib/gcc/avr/5.4.0/../../../../avr/lib/avr5\libm.a(divsf3.o) (__divsf3x)
d:/programs/atmel studio/7.0/toolchain/avr8/avr8-gnu-toolchain/bin/../lib/gcc/avr/5.4.0/../../../../avr/lib/avr5\libm.a(fixsfsi.o)
                              src/console/console.o (__fixsfsi)
d:/programs/atmel studio/7.0/toolchain/avr8/avr8-gnu-toolchain/bin/../lib/gcc/avr/5.4.0/../../../../avr/lib/avr5\libm.a(fixunssfsi.o)
                              d:/programs/atmel studio/7.0/toolchain/avr8/avr8-gnu-toolchain/bin/../lib/gcc/avr/5.4.0/../../../../avr/lib/avr5\libm.a(fixsfsi.o) (__fixunssfsi)
d:/programs/atmel studio/7.0/toolchain/avr8/avr8-gnu-toolchain/bin/../lib/gcc/avr/5.4.0/../../../../avr/lib/avr5\libm.a(floatsisf.o)
                              src/BNO055/BNO055.o (__floatsisf)
d:/programs/atmel studio/7.0/toolchain/avr8/avr8-gnu-toolchain/bin/../lib/gcc/avr/5.4.0/../../../../avr/lib/avr5\libm.a(floor.o)
                              src/console/console.o (floor)
d:/programs/atmel studio/7.0/toolchain/avr8/avr8-gnu-toolchain/bin/../lib/gcc/avr/5.4.0/../../../../avr/lib/avr5\libm.a(fp_cmp.o)
                              d:/programs/atmel studio/7.0/toolchain/avr8/avr8-gnu-toolchain/bin/../lib/gcc/avr/5.4.0/../../../../avr/lib/avr5\libm.a(cmpsf2.o) (__fp_cmp)
d:/programs/atmel studio/7.0/toolchain/avr8/avr8-gnu-toolchain/bin/../lib/gcc/avr/5.4.0/../../../../avr/lib/avr5\libm.a(fp_inf.o)
                              d:/programs/atmel studio/7.0/toolchain/avr8/avr8-gnu-toolchain/bin/../lib/gcc/avr/5.4.0/../../../../avr/lib/avr5\libm.a(addsf3x.o) (__fp_inf)
d:/programs/atmel studio/7.0/toolchain/avr8/avr8-gnu-toolchain/bin/../lib/gcc/avr/5.4.0/../../../../avr/lib/avr5\libm.a(fp_mintl.o)
                              d:/programs/atmel studio/7.0/toolchain/avr8/avr8-gnu-toolchain/bin/../lib/gcc/avr/5.4.0/../../../../avr/lib/avr5\libm.a(floor.o) (__fp_mintl)
d:/programs/atmel studio/7.0/toolchain/avr8/avr8-gnu-toolchain/bin/../lib/gcc/avr/5.4.0/../../../../avr/lib/avr5\libm.a(fp_mpack.o)
                              d:/programs/atmel studio/7.0/toolchain/avr8/avr8-gnu-toolchain/bin/../lib/gcc/avr/5.4.0/../../../../avr/lib/avr5\libm.a(floor.o) (__fp_mpack)
d:/programs/atmel studio/7.0/toolchain/avr8/avr8-gnu-toolchain/bin/../lib/gcc/avr/5.4.0/../../../../avr/lib/avr5\libm.a(fp_nan.o)
                              d:/programs/atmel studio/7.0/toolchain/avr8/avr8-gnu-toolchain/bin/../lib/gcc/avr/5.4.0/../../../../avr/lib/avr5\libm.a(addsf3x.o) (__fp_nan)
d:/programs/atmel studio/7.0/toolchain/avr8/avr8-gnu-toolchain/bin/../lib/gcc/avr/5.4.0/../../../../avr/lib/avr5\libm.a(fp_pscA.o)
                              d:/programs/atmel studio/7.0/toolchain/avr8/avr8-gnu-toolchain/bin/../lib/gcc/avr/5.4.0/../../../../avr/lib/avr5\libm.a(addsf3x.o) (__fp_pscA)
d:/programs/atmel studio/7.0/toolchain/avr8/avr8-gnu-toolchain/bin/../lib/gcc/avr/5.4.0/../../../../avr/lib/avr5\libm.a(fp_pscB.o)
                              d:/programs/atmel studio/7.0/toolchain/avr8/avr8-gnu-toolchain/bin/../lib/gcc/avr/5.4.0/../../../../avr/lib/avr5\libm.a(addsf3x.o) (__fp_pscB)
d:/programs/atmel studio/7.0/toolchain/avr8/avr8-gnu-toolchain/bin/../lib/gcc/avr/5.4.0/../../../../avr/lib/avr5\libm.a(fp_round.o)
                              d:/programs/atmel studio/7.0/toolchain/avr8/avr8-gnu-toolchain/bin/../lib/gcc/avr/5.4.0/../../../../avr/lib/avr5\libm.a(addsf3.o) (__fp_round)
d:/programs/atmel studio/7.0/toolchain/avr8/avr8-gnu-toolchain/bin/../lib/gcc/avr/5.4.0/../../../../avr/lib/avr5\libm.a(fp_split3.o)
                              d:/programs/atmel studio/7.0/toolchain/avr8/avr8-gnu-toolchain/bin/../lib/gcc/avr/5.4.0/../../../../avr/lib/avr5\libm.a(addsf3x.o) (__fp_split3)
d:/programs/atmel studio/7.0/toolchain/avr8/avr8-gnu-toolchain/bin/../lib/gcc/avr/5.4.0/../../../../avr/lib/avr5\libm.a(fp_trunc.o)
                              d:/programs/atmel studio/7.0/toolchain/avr8/avr8-gnu-toolchain/bin/../lib/gcc/avr/5.4.0/../../../../avr/lib/avr5\libm.a(floor.o) (__fp_trunc)
d:/programs/atmel studio/7.0/toolchain/avr8/avr8-gnu-toolchain/bin/../lib/gcc/avr/5.4.0/../../../../avr/lib/avr5\libm.a(fp_zero.o)
                              d:/programs/atmel studio/7.0/toolchain/avr8/avr8-gnu-toolchain/bin/../lib/gcc/avr/5.4.0/../../../../avr/lib/avr5\libm.a(addsf3x.o) (__fp_zero)
d:/programs/atmel studio/7.0/toolchain/avr8/avr8-gnu-toolchain/bin/../lib/gcc/avr/5.4.0/../../../../avr/lib/avr5\libm.a(gesf2.o)
                              src/control_system/control_system.o (__gtsf2)
d:/programs/atmel studio/7.0/toolchain/avr8/avr8-gnu-toolchain/bin/../lib/gcc/avr/5.4.0/../../../../avr/lib/avr5\libm.a(mulsf3.o)
                              src/BNO055/BNO055.o (__mulsf3)
d:/programs/atmel studio/7.0/toolchain/avr8/avr8-gnu-toolchain/bin/../lib/gcc/avr/5.4.0/../../../../avr/lib/avr5\libm.a(mulsf3x.o)
                              d:/programs/atmel studio/7.0/toolchain/avr8/avr8-gnu-toolchain/bin/../lib/gcc/avr/5.4.0/../../../../avr/lib/avr5\libm.a(mulsf3.o) (__mulsf3x)
d:/programs/atmel studio/7.0/toolchain/avr8/avr8-gnu-toolchain/bin/../lib/gcc/avr/5.4.0/avr5\libgcc.a(_divmodhi4.o)
                              src/console/console.o (__divmodhi4)
d:/programs/atmel studio/7.0/toolchain/avr8/avr8-gnu-toolchain/bin/../lib/gcc/avr/5.4.0/avr5\libgcc.a(_exit.o)
                              D:/Programs/Atmel Studio/7.0/Packs/atmel/ATmega_DFP/1.2.209/gcc/dev/atmega328p/avr5/crtatmega328p.o (exit)
d:/programs/atmel studio/7.0/toolchain/avr8/avr8-gnu-toolchain/bin/../lib/gcc/avr/5.4.0/avr5\libgcc.a(_copy_data.o)
                              src/BNO055/BNO055.o (__do_copy_data)
d:/programs/atmel studio/7.0/toolchain/avr8/avr8-gnu-toolchain/bin/../lib/gcc/avr/5.4.0/avr5\libgcc.a(_clear_bss.o)
                              src/BNO055/BNO055.o (__do_clear_bss)
d:/programs/atmel studio/7.0/toolchain/avr8/avr8-gnu-toolchain/bin/../lib/gcc/avr/5.4.0/avr5\libgcc.a(_udivmodhi4.o)
                              d:/programs/atmel studio/7.0/toolchain/avr8/avr8-gnu-toolchain/bin/../lib/gcc/avr/5.4.0/avr5\libgcc.a(_divmodhi4.o) (__udivmodhi4)

Discarded input sections

 .data          0x00000000        0x0 D:/Programs/Atmel Studio/7.0/Packs/atmel/ATmega_DFP/1.2.209/gcc/dev/atmega328p/avr5/crtatmega328p.o
 .bss           0x00000000        0x0 D:/Programs/Atmel Studio/7.0/Packs/atmel/ATmega_DFP/1.2.209/gcc/dev/atmega328p/avr5/crtatmega328p.o
 .group         0x00000000        0x8 src/BNO055/BNO055.o
 .group         0x00000000        0x8 src/BNO055/BNO055.o
 .group         0x00000000        0x8 src/BNO055/BNO055.o
 .group         0x00000000        0x8 src/BNO055/BNO055.o
 .group         0x00000000        0x8 src/BNO055/BNO055.o
 .group         0x00000000        0x8 src/BNO055/BNO055.o
 .group         0x00000000        0x8 src/BNO055/BNO055.o
 .group         0x00000000        0x8 src/BNO055/BNO055.o
 .group         0x00000000        0x8 src/BNO055/BNO055.o
 .group         0x00000000        0x8 src/BNO055/BNO055.o
 .group         0x00000000        0x8 src/BNO055/BNO055.o
 .group         0x00000000        0x8 src/BNO055/BNO055.o
 .group         0x00000000        0x8 src/BNO055/BNO055.o
 .group         0x00000000        0x8 src/BNO055/BNO055.o
 .group         0x00000000        0x8 src/BNO055/BNO055.o
 .group         0x00000000        0x8 src/BNO055/BNO055.o
 .group         0x00000000        0x8 src/BNO055/BNO055.o
 .group         0x00000000        0x8 src/BNO055/BNO055.o
 .group         0x00000000        0x8 src/BNO055/BNO055.o
 .group         0x00000000        0x8 src/BNO055/BNO055.o
 .data          0x00000000        0x0 src/BNO055/BNO055.o
 .bss           0x00000000        0x0 src/BNO055/BNO055.o
 .group         0x00000000        0x8 src/console/console.o
 .group         0x00000000        0x8 src/console/console.o
 .group         0x00000000        0x8 src/console/console.o
 .group         0x00000000        0x8 src/console/console.o
 .group         0x00000000        0x8 src/console/console.o
 .group         0x00000000        0x8 src/console/console.o
 .group         0x00000000        0x8 src/console/console.o
 .group         0x00000000        0x8 src/console/console.o
 .group         0x00000000        0x8 src/console/console.o
 .group         0x00000000        0x8 src/console/console.o
 .group         0x00000000        0x8 src/console/console.o
 .group         0x00000000        0x8 src/console/console.o
 .group         0x00000000        0x8 src/console/console.o
 .group         0x00000000        0x8 src/console/console.o
 .group         0x00000000        0x8 src/console/console.o
 .group         0x00000000        0x8 src/console/console.o
 .group         0x00000000        0x8 src/console/console.o
 .group         0x00000000        0x8 src/console/console.o
 .data          0x00000000        0x0 src/console/console.o
 .bss           0x00000000        0x0 src/console/console.o
 .debug_macro   0x00000000      0xa54 src/console/console.o
 .debug_macro   0x00000000       0x58 src/console/console.o
 .debug_macro   0x00000000       0x22 src/console/console.o
 .debug_macro   0x00000000      0x166 src/console/console.o
 .debug_macro   0x00000000      0x1c9 src/console/console.o
 .debug_macro   0x00000000     0x1410 src/console/console.o
 .debug_macro   0x00000000      0x13a src/console/console.o
 .debug_macro   0x00000000       0xbd src/console/console.o
 .debug_macro   0x00000000       0x34 src/console/console.o
 .debug_macro   0x00000000       0x18 src/console/console.o
 .debug_macro   0x00000000       0x6c src/console/console.o
 .debug_macro   0x00000000       0x69 src/console/console.o
 .debug_macro   0x00000000       0x16 src/console/console.o
 .group         0x00000000        0x8 src/control_system/control_system.o
 .group         0x00000000        0x8 src/control_system/control_system.o
 .group         0x00000000        0x8 src/control_system/control_system.o
 .group         0x00000000        0x8 src/control_system/control_system.o
 .group         0x00000000        0x8 src/control_system/control_system.o
 .group         0x00000000        0x8 src/control_system/control_system.o
 .group         0x00000000        0x8 src/control_system/control_system.o
 .group         0x00000000        0x8 src/control_system/control_system.o
 .group         0x00000000        0x8 src/control_system/control_system.o
 .group         0x00000000        0x8 src/control_system/control_system.o
 .group         0x00000000        0x8 src/control_system/control_system.o
 .group         0x00000000        0x8 src/control_system/control_system.o
 .group         0x00000000        0x8 src/control_system/control_system.o
 .group         0x00000000        0x8 src/control_system/control_system.o
 .group         0x00000000        0x8 src/control_system/control_system.o
 .group         0x00000000        0x8 src/control_system/control_system.o
 .group         0x00000000        0x8 src/control_system/control_system.o
 .group         0x00000000        0x8 src/control_system/control_system.o
 .group         0x00000000        0x8 src/control_system/control_system.o
 .group         0x00000000        0x8 src/control_system/control_system.o
 .group         0x00000000        0x8 src/control_system/control_system.o
 .data          0x00000000        0x0 src/control_system/control_system.o
 .bss           0x00000000        0x0 src/control_system/control_system.o
 .debug_macro   0x00000000      0xa54 src/control_system/control_system.o
 .debug_macro   0x00000000      0x1c9 src/control_system/control_system.o
 .debug_macro   0x00000000       0x22 src/control_system/control_system.o
 .debug_macro   0x00000000       0x16 src/control_system/control_system.o
 .debug_macro   0x00000000      0x166 src/control_system/control_system.o
 .debug_macro   0x00000000       0x16 src/control_system/control_system.o
 .debug_macro   0x00000000       0x10 src/control_system/control_system.o
 .debug_macro   0x00000000      0x302 src/control_system/control_system.o
 .debug_macro   0x00000000       0x9e src/control_system/control_system.o
 .debug_macro   0x00000000     0x1410 src/control_system/control_system.o
 .debug_macro   0x00000000      0x13a src/control_system/control_system.o
 .debug_macro   0x00000000       0xbd src/control_system/control_system.o
 .debug_macro   0x00000000       0x34 src/control_system/control_system.o
 .debug_macro   0x00000000       0x18 src/control_system/control_system.o
 .debug_macro   0x00000000       0x6c src/control_system/control_system.o
 .debug_macro   0x00000000       0x69 src/control_system/control_system.o
 .debug_macro   0x00000000       0x34 src/control_system/control_system.o
 .debug_macro   0x00000000       0x10 src/control_system/control_system.o
 .debug_macro   0x00000000       0x16 src/control_system/control_system.o
 .group         0x00000000        0x8 src/EEPROM/eeprom.o
 .group         0x00000000        0x8 src/EEPROM/eeprom.o
 .group         0x00000000        0x8 src/EEPROM/eeprom.o
 .group         0x00000000        0x8 src/EEPROM/eeprom.o
 .group         0x00000000        0x8 src/EEPROM/eeprom.o
 .group         0x00000000        0x8 src/EEPROM/eeprom.o
 .group         0x00000000        0x8 src/EEPROM/eeprom.o
 .group         0x00000000        0x8 src/EEPROM/eeprom.o
 .group         0x00000000        0x8 src/EEPROM/eeprom.o
 .group         0x00000000        0x8 src/EEPROM/eeprom.o
 .group         0x00000000        0x8 src/EEPROM/eeprom.o
 .group         0x00000000        0x8 src/EEPROM/eeprom.o
 .group         0x00000000        0x8 src/EEPROM/eeprom.o
 .data          0x00000000        0x0 src/EEPROM/eeprom.o
 .bss           0x00000000        0x0 src/EEPROM/eeprom.o
 .debug_macro   0x00000000      0xa54 src/EEPROM/eeprom.o
 .debug_macro   0x00000000      0x1c9 src/EEPROM/eeprom.o
 .debug_macro   0x00000000       0x10 src/EEPROM/eeprom.o
 .debug_macro   0x00000000      0x302 src/EEPROM/eeprom.o
 .debug_macro   0x00000000       0x9e src/EEPROM/eeprom.o
 .debug_macro   0x00000000     0x1410 src/EEPROM/eeprom.o
 .debug_macro   0x00000000      0x13a src/EEPROM/eeprom.o
 .debug_macro   0x00000000       0xbd src/EEPROM/eeprom.o
 .debug_macro   0x00000000       0x34 src/EEPROM/eeprom.o
 .debug_macro   0x00000000       0x18 src/EEPROM/eeprom.o
 .debug_macro   0x00000000       0x6c src/EEPROM/eeprom.o
 .debug_macro   0x00000000       0x69 src/EEPROM/eeprom.o
 .debug_macro   0x00000000       0x2e src/EEPROM/eeprom.o
 .group         0x00000000        0x8 src/i2c/i2c.o
 .group         0x00000000        0x8 src/i2c/i2c.o
 .group         0x00000000        0x8 src/i2c/i2c.o
 .group         0x00000000        0x8 src/i2c/i2c.o
 .group         0x00000000        0x8 src/i2c/i2c.o
 .group         0x00000000        0x8 src/i2c/i2c.o
 .group         0x00000000        0x8 src/i2c/i2c.o
 .group         0x00000000        0x8 src/i2c/i2c.o
 .group         0x00000000        0x8 src/i2c/i2c.o
 .group         0x00000000        0x8 src/i2c/i2c.o
 .group         0x00000000        0x8 src/i2c/i2c.o
 .group         0x00000000        0x8 src/i2c/i2c.o
 .group         0x00000000        0x8 src/i2c/i2c.o
 .group         0x00000000        0x8 src/i2c/i2c.o
 .group         0x00000000        0x8 src/i2c/i2c.o
 .group         0x00000000        0x8 src/i2c/i2c.o
 .group         0x00000000        0x8 src/i2c/i2c.o
 .group         0x00000000        0x8 src/i2c/i2c.o
 .data          0x00000000        0x0 src/i2c/i2c.o
 .bss           0x00000000        0x0 src/i2c/i2c.o
 .debug_macro   0x00000000      0xa54 src/i2c/i2c.o
 .debug_macro   0x00000000      0x1c9 src/i2c/i2c.o
 .debug_macro   0x00000000       0x22 src/i2c/i2c.o
 .debug_macro   0x00000000       0x10 src/i2c/i2c.o
 .debug_macro   0x00000000      0x302 src/i2c/i2c.o
 .debug_macro   0x00000000       0x9e src/i2c/i2c.o
 .debug_macro   0x00000000     0x1410 src/i2c/i2c.o
 .debug_macro   0x00000000      0x13a src/i2c/i2c.o
 .debug_macro   0x00000000       0xbd src/i2c/i2c.o
 .debug_macro   0x00000000       0x34 src/i2c/i2c.o
 .debug_macro   0x00000000       0x18 src/i2c/i2c.o
 .debug_macro   0x00000000       0x6c src/i2c/i2c.o
 .debug_macro   0x00000000       0x69 src/i2c/i2c.o
 .debug_macro   0x00000000       0x58 src/i2c/i2c.o
 .debug_macro   0x00000000       0x16 src/i2c/i2c.o
 .debug_macro   0x00000000       0x10 src/i2c/i2c.o
 .debug_macro   0x00000000      0x166 src/i2c/i2c.o
 .group         0x00000000        0x8 src/indicator/indicator.o
 .group         0x00000000        0x8 src/indicator/indicator.o
 .group         0x00000000        0x8 src/indicator/indicator.o
 .group         0x00000000        0x8 src/indicator/indicator.o
 .group         0x00000000        0x8 src/indicator/indicator.o
 .group         0x00000000        0x8 src/indicator/indicator.o
 .group         0x00000000        0x8 src/indicator/indicator.o
 .group         0x00000000        0x8 src/indicator/indicator.o
 .group         0x00000000        0x8 src/indicator/indicator.o
 .group         0x00000000        0x8 src/indicator/indicator.o
 .group         0x00000000        0x8 src/indicator/indicator.o
 .group         0x00000000        0x8 src/indicator/indicator.o
 .group         0x00000000        0x8 src/indicator/indicator.o
 .group         0x00000000        0x8 src/indicator/indicator.o
 .data          0x00000000        0x0 src/indicator/indicator.o
 .bss           0x00000000        0x0 src/indicator/indicator.o
 .debug_macro   0x00000000      0xa54 src/indicator/indicator.o
 .debug_macro   0x00000000       0x10 src/indicator/indicator.o
 .debug_macro   0x00000000      0x1c9 src/indicator/indicator.o
 .debug_macro   0x00000000      0x2fc src/indicator/indicator.o
 .debug_macro   0x00000000       0x9e src/indicator/indicator.o
 .debug_macro   0x00000000     0x1410 src/indicator/indicator.o
 .debug_macro   0x00000000      0x13a src/indicator/indicator.o
 .debug_macro   0x00000000       0xbd src/indicator/indicator.o
 .debug_macro   0x00000000       0x34 src/indicator/indicator.o
 .debug_macro   0x00000000       0x18 src/indicator/indicator.o
 .debug_macro   0x00000000       0x6c src/indicator/indicator.o
 .debug_macro   0x00000000       0x16 src/indicator/indicator.o
 .debug_macro   0x00000000       0x22 src/indicator/indicator.o
 .debug_macro   0x00000000       0x16 src/indicator/indicator.o
 .group         0x00000000        0x8 src/main.o
 .group         0x00000000        0x8 src/main.o
 .group         0x00000000        0x8 src/main.o
 .group         0x00000000        0x8 src/main.o
 .group         0x00000000        0x8 src/main.o
 .group         0x00000000        0x8 src/main.o
 .group         0x00000000        0x8 src/main.o
 .group         0x00000000        0x8 src/main.o
 .group         0x00000000        0x8 src/main.o
 .group         0x00000000        0x8 src/main.o
 .group         0x00000000        0x8 src/main.o
 .group         0x00000000        0x8 src/main.o
 .group         0x00000000        0x8 src/main.o
 .group         0x00000000        0x8 src/main.o
 .group         0x00000000        0x8 src/main.o
 .group         0x00000000        0x8 src/main.o
 .group         0x00000000        0x8 src/main.o
 .group         0x00000000        0x8 src/main.o
 .group         0x00000000        0x8 src/main.o
 .text          0x00000000        0x0 src/main.o
 .data          0x00000000        0x0 src/main.o
 .bss           0x00000000        0x0 src/main.o
 .debug_macro   0x00000000      0xa54 src/main.o
 .debug_macro   0x00000000       0x10 src/main.o
 .debug_macro   0x00000000      0x1c9 src/main.o
 .debug_macro   0x00000000      0x2fc src/main.o
 .debug_macro   0x00000000       0x9e src/main.o
 .debug_macro   0x00000000     0x1410 src/main.o
 .debug_macro   0x00000000      0x13a src/main.o
 .debug_macro   0x00000000       0xbd src/main.o
 .debug_macro   0x00000000       0x34 src/main.o
 .debug_macro   0x00000000       0x18 src/main.o
 .debug_macro   0x00000000       0x6c src/main.o
 .debug_macro   0x00000000       0x69 src/main.o
 .debug_macro   0x00000000       0x58 src/main.o
 .debug_macro   0x00000000       0x22 src/main.o
 .debug_macro   0x00000000       0x16 src/main.o
 .debug_macro   0x00000000       0x10 src/main.o
 .debug_macro   0x00000000      0x166 src/main.o
 .debug_macro   0x00000000       0x16 src/main.o
 .group         0x00000000        0x8 src/misc/circular_buff.o
 .group         0x00000000        0x8 src/misc/circular_buff.o
 .group         0x00000000        0x8 src/misc/circular_buff.o
 .data          0x00000000        0x0 src/misc/circular_buff.o
 .bss           0x00000000        0x0 src/misc/circular_buff.o
 .debug_macro   0x00000000      0xa54 src/misc/circular_buff.o
 .debug_macro   0x00000000      0x1c9 src/misc/circular_buff.o
 .group         0x00000000        0x8 src/motors/motors.o
 .group         0x00000000        0x8 src/motors/motors.o
 .group         0x00000000        0x8 src/motors/motors.o
 .group         0x00000000        0x8 src/motors/motors.o
 .group         0x00000000        0x8 src/motors/motors.o
 .group         0x00000000        0x8 src/motors/motors.o
 .group         0x00000000        0x8 src/motors/motors.o
 .group         0x00000000        0x8 src/motors/motors.o
 .group         0x00000000        0x8 src/motors/motors.o
 .group         0x00000000        0x8 src/motors/motors.o
 .group         0x00000000        0x8 src/motors/motors.o
 .group         0x00000000        0x8 src/motors/motors.o
 .data          0x00000000        0x0 src/motors/motors.o
 .bss           0x00000000        0x0 src/motors/motors.o
 .debug_macro   0x00000000      0xa54 src/motors/motors.o
 .debug_macro   0x00000000      0x1c9 src/motors/motors.o
 .debug_macro   0x00000000       0x10 src/motors/motors.o
 .debug_macro   0x00000000      0x302 src/motors/motors.o
 .debug_macro   0x00000000       0x9e src/motors/motors.o
 .debug_macro   0x00000000     0x1410 src/motors/motors.o
 .debug_macro   0x00000000      0x13a src/motors/motors.o
 .debug_macro   0x00000000       0xbd src/motors/motors.o
 .debug_macro   0x00000000       0x34 src/motors/motors.o
 .debug_macro   0x00000000       0x18 src/motors/motors.o
 .debug_macro   0x00000000       0x6c src/motors/motors.o
 .debug_macro   0x00000000       0x22 src/motors/motors.o
 .group         0x00000000        0x8 src/uart/uart.o
 .group         0x00000000        0x8 src/uart/uart.o
 .group         0x00000000        0x8 src/uart/uart.o
 .group         0x00000000        0x8 src/uart/uart.o
 .group         0x00000000        0x8 src/uart/uart.o
 .group         0x00000000        0x8 src/uart/uart.o
 .group         0x00000000        0x8 src/uart/uart.o
 .group         0x00000000        0x8 src/uart/uart.o
 .group         0x00000000        0x8 src/uart/uart.o
 .group         0x00000000        0x8 src/uart/uart.o
 .group         0x00000000        0x8 src/uart/uart.o
 .group         0x00000000        0x8 src/uart/uart.o
 .group         0x00000000        0x8 src/uart/uart.o
 .group         0x00000000        0x8 src/uart/uart.o
 .group         0x00000000        0x8 src/uart/uart.o
 .group         0x00000000        0x8 src/uart/uart.o
 .data          0x00000000        0x0 src/uart/uart.o
 .bss           0x00000000        0x0 src/uart/uart.o
 .debug_macro   0x00000000      0xa54 src/uart/uart.o
 .debug_macro   0x00000000      0x1c9 src/uart/uart.o
 .debug_macro   0x00000000       0x10 src/uart/uart.o
 .debug_macro   0x00000000      0x302 src/uart/uart.o
 .debug_macro   0x00000000       0x9e src/uart/uart.o
 .debug_macro   0x00000000     0x1410 src/uart/uart.o
 .debug_macro   0x00000000      0x13a src/uart/uart.o
 .debug_macro   0x00000000       0xbd src/uart/uart.o
 .debug_macro   0x00000000       0x34 src/uart/uart.o
 .debug_macro   0x00000000       0x18 src/uart/uart.o
 .debug_macro   0x00000000       0x6c src/uart/uart.o
 .debug_macro   0x00000000       0x69 src/uart/uart.o
 .debug_macro   0x00000000       0x10 src/uart/uart.o
 .debug_macro   0x00000000       0x16 src/uart/uart.o
 .debug_macro   0x00000000       0x10 src/uart/uart.o
 .debug_macro   0x00000000      0x166 src/uart/uart.o
 .text          0x00000000        0x0 d:/programs/atmel studio/7.0/toolchain/avr8/avr8-gnu-toolchain/bin/../lib/gcc/avr/5.4.0/../../../../avr/lib/avr5\libm.a(addsf3.o)
 .data          0x00000000        0x0 d:/programs/atmel studio/7.0/toolchain/avr8/avr8-gnu-toolchain/bin/../lib/gcc/avr/5.4.0/../../../../avr/lib/avr5\libm.a(addsf3.o)
 .bss           0x00000000        0x0 d:/programs/atmel studio/7.0/toolchain/avr8/avr8-gnu-toolchain/bin/../lib/gcc/avr/5.4.0/../../../../avr/lib/avr5\libm.a(addsf3.o)
 .text          0x00000000        0x0 d:/programs/atmel studio/7.0/toolchain/avr8/avr8-gnu-toolchain/bin/../lib/gcc/avr/5.4.0/../../../../avr/lib/avr5\libm.a(addsf3x.o)
 .data          0x00000000        0x0 d:/programs/atmel studio/7.0/toolchain/avr8/avr8-gnu-toolchain/bin/../lib/gcc/avr/5.4.0/../../../../avr/lib/avr5\libm.a(addsf3x.o)
 .bss           0x00000000        0x0 d:/programs/atmel studio/7.0/toolchain/avr8/avr8-gnu-toolchain/bin/../lib/gcc/avr/5.4.0/../../../../avr/lib/avr5\libm.a(addsf3x.o)
 .text          0x00000000        0x0 d:/programs/atmel studio/7.0/toolchain/avr8/avr8-gnu-toolchain/bin/../lib/gcc/avr/5.4.0/../../../../avr/lib/avr5\libm.a(cmpsf2.o)
 .data          0x00000000        0x0 d:/programs/atmel studio/7.0/toolchain/avr8/avr8-gnu-toolchain/bin/../lib/gcc/avr/5.4.0/../../../../avr/lib/avr5\libm.a(cmpsf2.o)
 .bss           0x00000000        0x0 d:/programs/atmel studio/7.0/toolchain/avr8/avr8-gnu-toolchain/bin/../lib/gcc/avr/5.4.0/../../../../avr/lib/avr5\libm.a(cmpsf2.o)
 .text          0x00000000        0x0 d:/programs/atmel studio/7.0/toolchain/avr8/avr8-gnu-toolchain/bin/../lib/gcc/avr/5.4.0/../../../../avr/lib/avr5\libm.a(divsf3.o)
 .data          0x00000000        0x0 d:/programs/atmel studio/7.0/toolchain/avr8/avr8-gnu-toolchain/bin/../lib/gcc/avr/5.4.0/../../../../avr/lib/avr5\libm.a(divsf3.o)
 .bss           0x00000000        0x0 d:/programs/atmel studio/7.0/toolchain/avr8/avr8-gnu-toolchain/bin/../lib/gcc/avr/5.4.0/../../../../avr/lib/avr5\libm.a(divsf3.o)
 .text          0x00000000        0x0 d:/programs/atmel studio/7.0/toolchain/avr8/avr8-gnu-toolchain/bin/../lib/gcc/avr/5.4.0/../../../../avr/lib/avr5\libm.a(divsf3x.o)
 .data          0x00000000        0x0 d:/programs/atmel studio/7.0/toolchain/avr8/avr8-gnu-toolchain/bin/../lib/gcc/avr/5.4.0/../../../../avr/lib/avr5\libm.a(divsf3x.o)
 .bss           0x00000000        0x0 d:/programs/atmel studio/7.0/toolchain/avr8/avr8-gnu-toolchain/bin/../lib/gcc/avr/5.4.0/../../../../avr/lib/avr5\libm.a(divsf3x.o)
 .text          0x00000000        0x0 d:/programs/atmel studio/7.0/toolchain/avr8/avr8-gnu-toolchain/bin/../lib/gcc/avr/5.4.0/../../../../avr/lib/avr5\libm.a(fixsfsi.o)
 .data          0x00000000        0x0 d:/programs/atmel studio/7.0/toolchain/avr8/avr8-gnu-toolchain/bin/../lib/gcc/avr/5.4.0/../../../../avr/lib/avr5\libm.a(fixsfsi.o)
 .bss           0x00000000        0x0 d:/programs/atmel studio/7.0/toolchain/avr8/avr8-gnu-toolchain/bin/../lib/gcc/avr/5.4.0/../../../../avr/lib/avr5\libm.a(fixsfsi.o)
 .text          0x00000000        0x0 d:/programs/atmel studio/7.0/toolchain/avr8/avr8-gnu-toolchain/bin/../lib/gcc/avr/5.4.0/../../../../avr/lib/avr5\libm.a(fixunssfsi.o)
 .data          0x00000000        0x0 d:/programs/atmel studio/7.0/toolchain/avr8/avr8-gnu-toolchain/bin/../lib/gcc/avr/5.4.0/../../../../avr/lib/avr5\libm.a(fixunssfsi.o)
 .bss           0x00000000        0x0 d:/programs/atmel studio/7.0/toolchain/avr8/avr8-gnu-toolchain/bin/../lib/gcc/avr/5.4.0/../../../../avr/lib/avr5\libm.a(fixunssfsi.o)
 .text          0x00000000        0x0 d:/programs/atmel studio/7.0/toolchain/avr8/avr8-gnu-toolchain/bin/../lib/gcc/avr/5.4.0/../../../../avr/lib/avr5\libm.a(floatsisf.o)
 .data          0x00000000        0x0 d:/programs/atmel studio/7.0/toolchain/avr8/avr8-gnu-toolchain/bin/../lib/gcc/avr/5.4.0/../../../../avr/lib/avr5\libm.a(floatsisf.o)
 .bss           0x00000000        0x0 d:/programs/atmel studio/7.0/toolchain/avr8/avr8-gnu-toolchain/bin/../lib/gcc/avr/5.4.0/../../../../avr/lib/avr5\libm.a(floatsisf.o)
 .text          0x00000000        0x0 d:/programs/atmel studio/7.0/toolchain/avr8/avr8-gnu-toolchain/bin/../lib/gcc/avr/5.4.0/../../../../avr/lib/avr5\libm.a(floor.o)
 .data          0x00000000        0x0 d:/programs/atmel studio/7.0/toolchain/avr8/avr8-gnu-toolchain/bin/../lib/gcc/avr/5.4.0/../../../../avr/lib/avr5\libm.a(floor.o)
 .bss           0x00000000        0x0 d:/programs/atmel studio/7.0/toolchain/avr8/avr8-gnu-toolchain/bin/../lib/gcc/avr/5.4.0/../../../../avr/lib/avr5\libm.a(floor.o)
 .text          0x00000000        0x0 d:/programs/atmel studio/7.0/toolchain/avr8/avr8-gnu-toolchain/bin/../lib/gcc/avr/5.4.0/../../../../avr/lib/avr5\libm.a(fp_cmp.o)
 .data          0x00000000        0x0 d:/programs/atmel studio/7.0/toolchain/avr8/avr8-gnu-toolchain/bin/../lib/gcc/avr/5.4.0/../../../../avr/lib/avr5\libm.a(fp_cmp.o)
 .bss           0x00000000        0x0 d:/programs/atmel studio/7.0/toolchain/avr8/avr8-gnu-toolchain/bin/../lib/gcc/avr/5.4.0/../../../../avr/lib/avr5\libm.a(fp_cmp.o)
 .text          0x00000000        0x0 d:/programs/atmel studio/7.0/toolchain/avr8/avr8-gnu-toolchain/bin/../lib/gcc/avr/5.4.0/../../../../avr/lib/avr5\libm.a(fp_inf.o)
 .data          0x00000000        0x0 d:/programs/atmel studio/7.0/toolchain/avr8/avr8-gnu-toolchain/bin/../lib/gcc/avr/5.4.0/../../../../avr/lib/avr5\libm.a(fp_inf.o)
 .bss           0x00000000        0x0 d:/programs/atmel studio/7.0/toolchain/avr8/avr8-gnu-toolchain/bin/../lib/gcc/avr/5.4.0/../../../../avr/lib/avr5\libm.a(fp_inf.o)
 .text          0x00000000        0x0 d:/programs/atmel studio/7.0/toolchain/avr8/avr8-gnu-toolchain/bin/../lib/gcc/avr/5.4.0/../../../../avr/lib/avr5\libm.a(fp_mintl.o)
 .data          0x00000000        0x0 d:/programs/atmel studio/7.0/toolchain/avr8/avr8-gnu-toolchain/bin/../lib/gcc/avr/5.4.0/../../../../avr/lib/avr5\libm.a(fp_mintl.o)
 .bss           0x00000000        0x0 d:/programs/atmel studio/7.0/toolchain/avr8/avr8-gnu-toolchain/bin/../lib/gcc/avr/5.4.0/../../../../avr/lib/avr5\libm.a(fp_mintl.o)
 .text          0x00000000        0x0 d:/programs/atmel studio/7.0/toolchain/avr8/avr8-gnu-toolchain/bin/../lib/gcc/avr/5.4.0/../../../../avr/lib/avr5\libm.a(fp_mpack.o)
 .data          0x00000000        0x0 d:/programs/atmel studio/7.0/toolchain/avr8/avr8-gnu-toolchain/bin/../lib/gcc/avr/5.4.0/../../../../avr/lib/avr5\libm.a(fp_mpack.o)
 .bss           0x00000000        0x0 d:/programs/atmel studio/7.0/toolchain/avr8/avr8-gnu-toolchain/bin/../lib/gcc/avr/5.4.0/../../../../avr/lib/avr5\libm.a(fp_mpack.o)
 .text          0x00000000        0x0 d:/programs/atmel studio/7.0/toolchain/avr8/avr8-gnu-toolchain/bin/../lib/gcc/avr/5.4.0/../../../../avr/lib/avr5\libm.a(fp_nan.o)
 .data          0x00000000        0x0 d:/programs/atmel studio/7.0/toolchain/avr8/avr8-gnu-toolchain/bin/../lib/gcc/avr/5.4.0/../../../../avr/lib/avr5\libm.a(fp_nan.o)
 .bss           0x00000000        0x0 d:/programs/atmel studio/7.0/toolchain/avr8/avr8-gnu-toolchain/bin/../lib/gcc/avr/5.4.0/../../../../avr/lib/avr5\libm.a(fp_nan.o)
 .text          0x00000000        0x0 d:/programs/atmel studio/7.0/toolchain/avr8/avr8-gnu-toolchain/bin/../lib/gcc/avr/5.4.0/../../../../avr/lib/avr5\libm.a(fp_pscA.o)
 .data          0x00000000        0x0 d:/programs/atmel studio/7.0/toolchain/avr8/avr8-gnu-toolchain/bin/../lib/gcc/avr/5.4.0/../../../../avr/lib/avr5\libm.a(fp_pscA.o)
 .bss           0x00000000        0x0 d:/programs/atmel studio/7.0/toolchain/avr8/avr8-gnu-toolchain/bin/../lib/gcc/avr/5.4.0/../../../../avr/lib/avr5\libm.a(fp_pscA.o)
 .text          0x00000000        0x0 d:/programs/atmel studio/7.0/toolchain/avr8/avr8-gnu-toolchain/bin/../lib/gcc/avr/5.4.0/../../../../avr/lib/avr5\libm.a(fp_pscB.o)
 .data          0x00000000        0x0 d:/programs/atmel studio/7.0/toolchain/avr8/avr8-gnu-toolchain/bin/../lib/gcc/avr/5.4.0/../../../../avr/lib/avr5\libm.a(fp_pscB.o)
 .bss           0x00000000        0x0 d:/programs/atmel studio/7.0/toolchain/avr8/avr8-gnu-toolchain/bin/../lib/gcc/avr/5.4.0/../../../../avr/lib/avr5\libm.a(fp_pscB.o)
 .text          0x00000000        0x0 d:/programs/atmel studio/7.0/toolchain/avr8/avr8-gnu-toolchain/bin/../lib/gcc/avr/5.4.0/../../../../avr/lib/avr5\libm.a(fp_round.o)
 .data          0x00000000        0x0 d:/programs/atmel studio/7.0/toolchain/avr8/avr8-gnu-toolchain/bin/../lib/gcc/avr/5.4.0/../../../../avr/lib/avr5\libm.a(fp_round.o)
 .bss           0x00000000        0x0 d:/programs/atmel studio/7.0/toolchain/avr8/avr8-gnu-toolchain/bin/../lib/gcc/avr/5.4.0/../../../../avr/lib/avr5\libm.a(fp_round.o)
 .text          0x00000000        0x0 d:/programs/atmel studio/7.0/toolchain/avr8/avr8-gnu-toolchain/bin/../lib/gcc/avr/5.4.0/../../../../avr/lib/avr5\libm.a(fp_split3.o)
 .data          0x00000000        0x0 d:/programs/atmel studio/7.0/toolchain/avr8/avr8-gnu-toolchain/bin/../lib/gcc/avr/5.4.0/../../../../avr/lib/avr5\libm.a(fp_split3.o)
 .bss           0x00000000        0x0 d:/programs/atmel studio/7.0/toolchain/avr8/avr8-gnu-toolchain/bin/../lib/gcc/avr/5.4.0/../../../../avr/lib/avr5\libm.a(fp_split3.o)
 .text          0x00000000        0x0 d:/programs/atmel studio/7.0/toolchain/avr8/avr8-gnu-toolchain/bin/../lib/gcc/avr/5.4.0/../../../../avr/lib/avr5\libm.a(fp_trunc.o)
 .data          0x00000000        0x0 d:/programs/atmel studio/7.0/toolchain/avr8/avr8-gnu-toolchain/bin/../lib/gcc/avr/5.4.0/../../../../avr/lib/avr5\libm.a(fp_trunc.o)
 .bss           0x00000000        0x0 d:/programs/atmel studio/7.0/toolchain/avr8/avr8-gnu-toolchain/bin/../lib/gcc/avr/5.4.0/../../../../avr/lib/avr5\libm.a(fp_trunc.o)
 .text          0x00000000        0x0 d:/programs/atmel studio/7.0/toolchain/avr8/avr8-gnu-toolchain/bin/../lib/gcc/avr/5.4.0/../../../../avr/lib/avr5\libm.a(fp_zero.o)
 .data          0x00000000        0x0 d:/programs/atmel studio/7.0/toolchain/avr8/avr8-gnu-toolchain/bin/../lib/gcc/avr/5.4.0/../../../../avr/lib/avr5\libm.a(fp_zero.o)
 .bss           0x00000000        0x0 d:/programs/atmel studio/7.0/toolchain/avr8/avr8-gnu-toolchain/bin/../lib/gcc/avr/5.4.0/../../../../avr/lib/avr5\libm.a(fp_zero.o)
 .text          0x00000000        0x0 d:/programs/atmel studio/7.0/toolchain/avr8/avr8-gnu-toolchain/bin/../lib/gcc/avr/5.4.0/../../../../avr/lib/avr5\libm.a(gesf2.o)
 .data          0x00000000        0x0 d:/programs/atmel studio/7.0/toolchain/avr8/avr8-gnu-toolchain/bin/../lib/gcc/avr/5.4.0/../../../../avr/lib/avr5\libm.a(gesf2.o)
 .bss           0x00000000        0x0 d:/programs/atmel studio/7.0/toolchain/avr8/avr8-gnu-toolchain/bin/../lib/gcc/avr/5.4.0/../../../../avr/lib/avr5\libm.a(gesf2.o)
 .text          0x00000000        0x0 d:/programs/atmel studio/7.0/toolchain/avr8/avr8-gnu-toolchain/bin/../lib/gcc/avr/5.4.0/../../../../avr/lib/avr5\libm.a(mulsf3.o)
 .data          0x00000000        0x0 d:/programs/atmel studio/7.0/toolchain/avr8/avr8-gnu-toolchain/bin/../lib/gcc/avr/5.4.0/../../../../avr/lib/avr5\libm.a(mulsf3.o)
 .bss           0x00000000        0x0 d:/programs/atmel studio/7.0/toolchain/avr8/avr8-gnu-toolchain/bin/../lib/gcc/avr/5.4.0/../../../../avr/lib/avr5\libm.a(mulsf3.o)
 .text          0x00000000        0x0 d:/programs/atmel studio/7.0/toolchain/avr8/avr8-gnu-toolchain/bin/../lib/gcc/avr/5.4.0/../../../../avr/lib/avr5\libm.a(mulsf3x.o)
 .data          0x00000000        0x0 d:/programs/atmel studio/7.0/toolchain/avr8/avr8-gnu-toolchain/bin/../lib/gcc/avr/5.4.0/../../../../avr/lib/avr5\libm.a(mulsf3x.o)
 .bss           0x00000000        0x0 d:/programs/atmel studio/7.0/toolchain/avr8/avr8-gnu-toolchain/bin/../lib/gcc/avr/5.4.0/../../../../avr/lib/avr5\libm.a(mulsf3x.o)
 .text          0x00000000        0x0 d:/programs/atmel studio/7.0/toolchain/avr8/avr8-gnu-toolchain/bin/../lib/gcc/avr/5.4.0/avr5\libgcc.a(_divmodhi4.o)
 .data          0x00000000        0x0 d:/programs/atmel studio/7.0/toolchain/avr8/avr8-gnu-toolchain/bin/../lib/gcc/avr/5.4.0/avr5\libgcc.a(_divmodhi4.o)
 .bss           0x00000000        0x0 d:/programs/atmel studio/7.0/toolchain/avr8/avr8-gnu-toolchain/bin/../lib/gcc/avr/5.4.0/avr5\libgcc.a(_divmodhi4.o)
 .text.libgcc.mul
                0x00000000        0x0 d:/programs/atmel studio/7.0/toolchain/avr8/avr8-gnu-toolchain/bin/../lib/gcc/avr/5.4.0/avr5\libgcc.a(_divmodhi4.o)
 .text.libgcc   0x00000000        0x0 d:/programs/atmel studio/7.0/toolchain/avr8/avr8-gnu-toolchain/bin/../lib/gcc/avr/5.4.0/avr5\libgcc.a(_divmodhi4.o)
 .text.libgcc.prologue
                0x00000000        0x0 d:/programs/atmel studio/7.0/toolchain/avr8/avr8-gnu-toolchain/bin/../lib/gcc/avr/5.4.0/avr5\libgcc.a(_divmodhi4.o)
 .text.libgcc.builtins
                0x00000000        0x0 d:/programs/atmel studio/7.0/toolchain/avr8/avr8-gnu-toolchain/bin/../lib/gcc/avr/5.4.0/avr5\libgcc.a(_divmodhi4.o)
 .text.libgcc.fmul
                0x00000000        0x0 d:/programs/atmel studio/7.0/toolchain/avr8/avr8-gnu-toolchain/bin/../lib/gcc/avr/5.4.0/avr5\libgcc.a(_divmodhi4.o)
 .text.libgcc.fixed
                0x00000000        0x0 d:/programs/atmel studio/7.0/toolchain/avr8/avr8-gnu-toolchain/bin/../lib/gcc/avr/5.4.0/avr5\libgcc.a(_divmodhi4.o)
 .text          0x00000000        0x0 d:/programs/atmel studio/7.0/toolchain/avr8/avr8-gnu-toolchain/bin/../lib/gcc/avr/5.4.0/avr5\libgcc.a(_exit.o)
 .data          0x00000000        0x0 d:/programs/atmel studio/7.0/toolchain/avr8/avr8-gnu-toolchain/bin/../lib/gcc/avr/5.4.0/avr5\libgcc.a(_exit.o)
 .bss           0x00000000        0x0 d:/programs/atmel studio/7.0/toolchain/avr8/avr8-gnu-toolchain/bin/../lib/gcc/avr/5.4.0/avr5\libgcc.a(_exit.o)
 .text.libgcc.mul
                0x00000000        0x0 d:/programs/atmel studio/7.0/toolchain/avr8/avr8-gnu-toolchain/bin/../lib/gcc/avr/5.4.0/avr5\libgcc.a(_exit.o)
 .text.libgcc.div
                0x00000000        0x0 d:/programs/atmel studio/7.0/toolchain/avr8/avr8-gnu-toolchain/bin/../lib/gcc/avr/5.4.0/avr5\libgcc.a(_exit.o)
 .text.libgcc   0x00000000        0x0 d:/programs/atmel studio/7.0/toolchain/avr8/avr8-gnu-toolchain/bin/../lib/gcc/avr/5.4.0/avr5\libgcc.a(_exit.o)
 .text.libgcc.prologue
                0x00000000        0x0 d:/programs/atmel studio/7.0/toolchain/avr8/avr8-gnu-toolchain/bin/../lib/gcc/avr/5.4.0/avr5\libgcc.a(_exit.o)
 .text.libgcc.builtins
                0x00000000        0x0 d:/programs/atmel studio/7.0/toolchain/avr8/avr8-gnu-toolchain/bin/../lib/gcc/avr/5.4.0/avr5\libgcc.a(_exit.o)
 .text.libgcc.fmul
                0x00000000        0x0 d:/programs/atmel studio/7.0/toolchain/avr8/avr8-gnu-toolchain/bin/../lib/gcc/avr/5.4.0/avr5\libgcc.a(_exit.o)
 .text.libgcc.fixed
                0x00000000        0x0 d:/programs/atmel studio/7.0/toolchain/avr8/avr8-gnu-toolchain/bin/../lib/gcc/avr/5.4.0/avr5\libgcc.a(_exit.o)
 .text          0x00000000        0x0 d:/programs/atmel studio/7.0/toolchain/avr8/avr8-gnu-toolchain/bin/../lib/gcc/avr/5.4.0/avr5\libgcc.a(_copy_data.o)
 .data          0x00000000        0x0 d:/programs/atmel studio/7.0/toolchain/avr8/avr8-gnu-toolchain/bin/../lib/gcc/avr/5.4.0/avr5\libgcc.a(_copy_data.o)
 .bss           0x00000000        0x0 d:/programs/atmel studio/7.0/toolchain/avr8/avr8-gnu-toolchain/bin/../lib/gcc/avr/5.4.0/avr5\libgcc.a(_copy_data.o)
 .text.libgcc.mul
                0x00000000        0x0 d:/programs/atmel studio/7.0/toolchain/avr8/avr8-gnu-toolchain/bin/../lib/gcc/avr/5.4.0/avr5\libgcc.a(_copy_data.o)
 .text.libgcc.div
                0x00000000        0x0 d:/programs/atmel studio/7.0/toolchain/avr8/avr8-gnu-toolchain/bin/../lib/gcc/avr/5.4.0/avr5\libgcc.a(_copy_data.o)
 .text.libgcc   0x00000000        0x0 d:/programs/atmel studio/7.0/toolchain/avr8/avr8-gnu-toolchain/bin/../lib/gcc/avr/5.4.0/avr5\libgcc.a(_copy_data.o)
 .text.libgcc.prologue
                0x00000000        0x0 d:/programs/atmel studio/7.0/toolchain/avr8/avr8-gnu-toolchain/bin/../lib/gcc/avr/5.4.0/avr5\libgcc.a(_copy_data.o)
 .text.libgcc.builtins
                0x00000000        0x0 d:/programs/atmel studio/7.0/toolchain/avr8/avr8-gnu-toolchain/bin/../lib/gcc/avr/5.4.0/avr5\libgcc.a(_copy_data.o)
 .text.libgcc.fmul
                0x00000000        0x0 d:/programs/atmel studio/7.0/toolchain/avr8/avr8-gnu-toolchain/bin/../lib/gcc/avr/5.4.0/avr5\libgcc.a(_copy_data.o)
 .text.libgcc.fixed
                0x00000000        0x0 d:/programs/atmel studio/7.0/toolchain/avr8/avr8-gnu-toolchain/bin/../lib/gcc/avr/5.4.0/avr5\libgcc.a(_copy_data.o)
 .text          0x00000000        0x0 d:/programs/atmel studio/7.0/toolchain/avr8/avr8-gnu-toolchain/bin/../lib/gcc/avr/5.4.0/avr5\libgcc.a(_clear_bss.o)
 .data          0x00000000        0x0 d:/programs/atmel studio/7.0/toolchain/avr8/avr8-gnu-toolchain/bin/../lib/gcc/avr/5.4.0/avr5\libgcc.a(_clear_bss.o)
 .bss           0x00000000        0x0 d:/programs/atmel studio/7.0/toolchain/avr8/avr8-gnu-toolchain/bin/../lib/gcc/avr/5.4.0/avr5\libgcc.a(_clear_bss.o)
 .text.libgcc.mul
                0x00000000        0x0 d:/programs/atmel studio/7.0/toolchain/avr8/avr8-gnu-toolchain/bin/../lib/gcc/avr/5.4.0/avr5\libgcc.a(_clear_bss.o)
 .text.libgcc.div
                0x00000000        0x0 d:/programs/atmel studio/7.0/toolchain/avr8/avr8-gnu-toolchain/bin/../lib/gcc/avr/5.4.0/avr5\libgcc.a(_clear_bss.o)
 .text.libgcc   0x00000000        0x0 d:/programs/atmel studio/7.0/toolchain/avr8/avr8-gnu-toolchain/bin/../lib/gcc/avr/5.4.0/avr5\libgcc.a(_clear_bss.o)
 .text.libgcc.prologue
                0x00000000        0x0 d:/programs/atmel studio/7.0/toolchain/avr8/avr8-gnu-toolchain/bin/../lib/gcc/avr/5.4.0/avr5\libgcc.a(_clear_bss.o)
 .text.libgcc.builtins
                0x00000000        0x0 d:/programs/atmel studio/7.0/toolchain/avr8/avr8-gnu-toolchain/bin/../lib/gcc/avr/5.4.0/avr5\libgcc.a(_clear_bss.o)
 .text.libgcc.fmul
                0x00000000        0x0 d:/programs/atmel studio/7.0/toolchain/avr8/avr8-gnu-toolchain/bin/../lib/gcc/avr/5.4.0/avr5\libgcc.a(_clear_bss.o)
 .text.libgcc.fixed
                0x00000000        0x0 d:/programs/atmel studio/7.0/toolchain/avr8/avr8-gnu-toolchain/bin/../lib/gcc/avr/5.4.0/avr5\libgcc.a(_clear_bss.o)
 .text          0x00000000        0x0 d:/programs/atmel studio/7.0/toolchain/avr8/avr8-gnu-toolchain/bin/../lib/gcc/avr/5.4.0/avr5\libgcc.a(_udivmodhi4.o)
 .data          0x00000000        0x0 d:/programs/atmel studio/7.0/toolchain/avr8/avr8-gnu-toolchain/bin/../lib/gcc/avr/5.4.0/avr5\libgcc.a(_udivmodhi4.o)
 .bss           0x00000000        0x0 d:/programs/atmel studio/7.0/toolchain/avr8/avr8-gnu-toolchain/bin/../lib/gcc/avr/5.4.0/avr5\libgcc.a(_udivmodhi4.o)
 .text.libgcc.mul
                0x00000000        0x0 d:/programs/atmel studio/7.0/toolchain/avr8/avr8-gnu-toolchain/bin/../lib/gcc/avr/5.4.0/avr5\libgcc.a(_udivmodhi4.o)
 .text.libgcc   0x00000000        0x0 d:/programs/atmel studio/7.0/toolchain/avr8/avr8-gnu-toolchain/bin/../lib/gcc/avr/5.4.0/avr5\libgcc.a(_udivmodhi4.o)
 .text.libgcc.prologue
                0x00000000        0x0 d:/programs/atmel studio/7.0/toolchain/avr8/avr8-gnu-toolchain/bin/../lib/gcc/avr/5.4.0/avr5\libgcc.a(_udivmodhi4.o)
 .text.libgcc.builtins
                0x00000000        0x0 d:/programs/atmel studio/7.0/toolchain/avr8/avr8-gnu-toolchain/bin/../lib/gcc/avr/5.4.0/avr5\libgcc.a(_udivmodhi4.o)
 .text.libgcc.fmul
                0x00000000        0x0 d:/programs/atmel studio/7.0/toolchain/avr8/avr8-gnu-toolchain/bin/../lib/gcc/avr/5.4.0/avr5\libgcc.a(_udivmodhi4.o)
 .text.libgcc.fixed
                0x00000000        0x0 d:/programs/atmel studio/7.0/toolchain/avr8/avr8-gnu-toolchain/bin/../lib/gcc/avr/5.4.0/avr5\libgcc.a(_udivmodhi4.o)

Memory Configuration

Name             Origin             Length             Attributes
text             0x00000000         0x00020000         xr
data             0x00800060         0x0000ffa0         rw !x
eeprom           0x00810000         0x00010000         rw !x
fuse             0x00820000         0x00000003         rw !x
lock             0x00830000         0x00000400         rw !x
signature        0x00840000         0x00000400         rw !x
user_signatures  0x00850000         0x00000400         rw !x
*default*        0x00000000         0xffffffff

Linker script and memory map

Address of section .data set to 0x800100
LOAD D:/Programs/Atmel Studio/7.0/Packs/atmel/ATmega_DFP/1.2.209/gcc/dev/atmega328p/avr5/crtatmega328p.o
LOAD src/BNO055/BNO055.o
LOAD src/console/console.o
LOAD src/control_system/control_system.o
LOAD src/EEPROM/eeprom.o
LOAD src/i2c/i2c.o
LOAD src/indicator/indicator.o
LOAD src/main.o
LOAD src/misc/circular_buff.o
LOAD src/motors/motors.o
LOAD src/uart/uart.o
START GROUP
LOAD d:/programs/atmel studio/7.0/toolchain/avr8/avr8-gnu-toolchain/bin/../lib/gcc/avr/5.4.0/../../../../avr/lib/avr5\libm.a
END GROUP
START GROUP
LOAD d:/programs/atmel studio/7.0/toolchain/avr8/avr8-gnu-toolchain/bin/../lib/gcc/avr/5.4.0/avr5\libgcc.a
LOAD d:/programs/atmel studio/7.0/toolchain/avr8/avr8-gnu-toolchain/bin/../lib/gcc/avr/5.4.0/../../../../avr/lib/avr5\libm.a
LOAD d:/programs/atmel studio/7.0/toolchain/avr8/avr8-gnu-toolchain/bin/../lib/gcc/avr/5.4.0/../../../../avr/lib/avr5\libc.a
LOAD D:/Programs/Atmel Studio/7.0/Packs/atmel/ATmega_DFP/1.2.209/gcc/dev/atmega328p/avr5\libatmega328p.a
END GROUP
                0x00020000                __TEXT_REGION_LENGTH__ = DEFINED (__TEXT_REGION_LENGTH__)?__TEXT_REGION_LENGTH__:0x20000
                0x0000ffa0                __DATA_REGION_LENGTH__ = DEFINED (__DATA_REGION_LENGTH__)?__DATA_REGION_LENGTH__:0xffa0
                0x00010000                __EEPROM_REGION_LENGTH__ = DEFINED (__EEPROM_REGION_LENGTH__)?__EEPROM_REGION_LENGTH__:0x10000
                [0x00000003]                __FUSE_REGION_LENGTH__ = DEFINED (__FUSE_REGION_LENGTH__)?__FUSE_REGION_LENGTH__:0x400
                0x00000400                __LOCK_REGION_LENGTH__ = DEFINED (__LOCK_REGION_LENGTH__)?__LOCK_REGION_LENGTH__:0x400
                0x00000400                __SIGNATURE_REGION_LENGTH__ = DEFINED (__SIGNATURE_REGION_LENGTH__)?__SIGNATURE_REGION_LENGTH__:0x400
                0x00000400                __USER_SIGNATURE_REGION_LENGTH__ = DEFINED (__USER_SIGNATURE_REGION_LENGTH__)?__USER_SIGNATURE_REGION_LENGTH__:0x400

.hash
 *(.hash)

.dynsym
 *(.dynsym)

.dynstr
 *(.dynstr)

.gnu.version
 *(.gnu.version)

.gnu.version_d
 *(.gnu.version_d)

.gnu.version_r
 *(.gnu.version_r)

.rel.init
 *(.rel.init)

.rela.init
 *(.rela.init)

.rel.text
 *(.rel.text)
 *(.rel.text.*)
 *(.rel.gnu.linkonce.t*)

.rela.text
 *(.rela.text)
 *(.rela.text.*)
 *(.rela.gnu.linkonce.t*)

.rel.fini
 *(.rel.fini)

.rela.fini
 *(.rela.fini)

.rel.rodata
 *(.rel.rodata)
 *(.rel.rodata.*)
 *(.rel.gnu.linkonce.r*)

.rela.rodata
 *(.rela.rodata)
 *(.rela.rodata.*)
 *(.rela.gnu.linkonce.r*)

.rel.data
 *(.rel.data)
 *(.rel.data.*)
 *(.rel.gnu.linkonce.d*)

.rela.data
 *(.rela.data)
 *(.rela.data.*)
 *(.rela.gnu.linkonce.d*)

.rel.ctors
 *(.rel.ctors)

.rela.ctors
 *(.rela.ctors)

.rel.dtors
 *(.rel.dtors)

.rela.dtors
 *(.rela.dtors)

.rel.got
 *(.rel.got)

.rela.got
 *(.rela.got)

.rel.bss
 *(.rel.bss)

.rela.bss
 *(.rela.bss)

.rel.plt
 *(.rel.plt)

.rela.plt
 *(.rela.plt)

.text           0x00000000     0x21a4
 *(.vectors)
 .vectors       0x00000000       0x68 D:/Programs/Atmel Studio/7.0/Packs/atmel/ATmega_DFP/1.2.209/gcc/dev/atmega328p/avr5/crtatmega328p.o
                0x00000000                __vector_default
                0x00000000                __vectors
 *(.vectors)
 *(.progmem.gcc*)
                0x00000068                . = ALIGN (0x2)
                0x00000068                __trampolines_start = .
 *(.trampolines)
 .trampolines   0x00000068        0x0 linker stubs
 *(.trampolines*)
                0x00000068                __trampolines_end = .
 *libprintf_flt.a:*(.progmem.data)
 *libc.a:*(.progmem.data)
 *(.progmem*)
                0x00000068                . = ALIGN (0x2)
 *(.jumptables)
 *(.jumptables*)
 *(.lowtext)
 *(.lowtext*)
                0x00000068                __ctors_start = .
 *(.ctors)
                0x00000068                __ctors_end = .
                0x00000068                __dtors_start = .
 *(.dtors)
                0x00000068                __dtors_end = .
 SORT(*)(.ctors)
 SORT(*)(.dtors)
 *(.init0)
 .init0         0x00000068        0x0 D:/Programs/Atmel Studio/7.0/Packs/atmel/ATmega_DFP/1.2.209/gcc/dev/atmega328p/avr5/crtatmega328p.o
                0x00000068                __init
 *(.init0)
 *(.init1)
 *(.init1)
 *(.init2)
 .init2         0x00000068        0xc D:/Programs/Atmel Studio/7.0/Packs/atmel/ATmega_DFP/1.2.209/gcc/dev/atmega328p/avr5/crtatmega328p.o
 *(.init2)
 *(.init3)
 *(.init3)
 *(.init4)
 .init4         0x00000074       0x16 d:/programs/atmel studio/7.0/toolchain/avr8/avr8-gnu-toolchain/bin/../lib/gcc/avr/5.4.0/avr5\libgcc.a(_copy_data.o)
                0x00000074                __do_copy_data
 .init4         0x0000008a       0x10 d:/programs/atmel studio/7.0/toolchain/avr8/avr8-gnu-toolchain/bin/../lib/gcc/avr/5.4.0/avr5\libgcc.a(_clear_bss.o)
                0x0000008a                __do_clear_bss
 *(.init4)
 *(.init5)
 *(.init5)
 *(.init6)
 *(.init6)
 *(.init7)
 *(.init7)
 *(.init8)
 *(.init8)
 *(.init9)
 .init9         0x0000009a        0x8 D:/Programs/Atmel Studio/7.0/Packs/atmel/ATmega_DFP/1.2.209/gcc/dev/atmega328p/avr5/crtatmega328p.o
 *(.init9)
 *(.text)
 .text          0x000000a2        0x2 D:/Programs/Atmel Studio/7.0/Packs/atmel/ATmega_DFP/1.2.209/gcc/dev/atmega328p/avr5/crtatmega328p.o
                0x000000a2                __vector_22
                0x000000a2                __vector_1
                0x000000a2                __vector_12
                0x000000a2                __bad_interrupt
                0x000000a2                __vector_6
                0x000000a2                __vector_3
                0x000000a2                __vector_23
                0x000000a2                __vector_25
                0x000000a2                __vector_11
                0x000000a2                __vector_13
                0x000000a2                __vector_17
                0x000000a2                __vector_5
                0x000000a2                __vector_4
                0x000000a2                __vector_9
                0x000000a2                __vector_2
                0x000000a2                __vector_21
                0x000000a2                __vector_15
                0x000000a2                __vector_8
                0x000000a2                __vector_14
                0x000000a2                __vector_10
                0x000000a2                __vector_16
                0x000000a2                __vector_20
 .text          0x000000a4      0x8e2 src/BNO055/BNO055.o
                0x000000a4                BNO_request_angle
                0x000000e6                BNO_request_calib
                0x00000120                BNO_angle
                0x000001de                BNO_calib
                0x00000204                BNO_read_reg
                0x0000029a                BNO_read_calib_levels
                0x0000030c                BNO_read_print_cal
                0x0000036a                BNO_write_reg
                0x000003b4                BNO_init
                0x0000045a                BNO_print_calib_on_change
                0x00000554                BNO_print_data
                0x00000692                _BNO_test_1
                0x000007e4                _BNO_test_2
                0x00000858                _BNO_test_3
                0x0000089c                _BNO_test_4
                0x00000966                _BNO_test_5
 .text          0x00000986      0x574 src/console/console.o
                0x00000a7e                CONS_init
                0x00000a84                _handle_cmd
                0x00000c72                CONS_handle
                0x00000cc0                print
                0x00000e70                _CONS_test_print
 .text          0x00000efa      0x69c src/control_system/control_system.o
                0x00000efa                __vector_7
                0x00000f5a                CTRL_init
                0x00000f9e                CTRL_set_PID_terms
                0x00000fd2                CTRL_set_PID_bp
                0x00000fea                CTRL_set_PID_bi
                0x00001002                CTRL_set_PID_bd
                0x0000101a                CTRL_set_angle_off
                0x00001032                CTRL_start
                0x0000107e                CTRL_stop
                0x0000109a                CTRL_get_time_ms
                0x000010ac                CTRL_get_elapsed_ms
                0x000010fa                CTRL_handle
                0x000013d4                CTRL_get_last_angle
                0x000013e6                CTRL_get_calib
                0x00001488                CTRL_load_calib_from_EEPROM
 .text          0x00001596       0xa6 src/EEPROM/eeprom.o
                0x00001596                EEPROM_read
                0x000015ae                EEPROM_write
                0x000015ca                EEPROM_write_array
                0x00001602                EEPROM_read_array
 .text          0x0000163c      0x2a6 src/i2c/i2c.o
                0x00001668                __vector_24
                0x0000181a                I2C_init
                0x00001834                I2C_available_tasks
                0x0000183e                _I2C_enqueue_task
 .text          0x000018e2      0x140 src/indicator/indicator.o
                0x000018e2                IND_set_mode
                0x000019a6                IND_iterate
 .text          0x00001a22       0x8a src/misc/circular_buff.o
                0x00001a22                circ_buff_init
                0x00001a38                circ_buff_put
                0x00001a6e                circ_buff_get
 .text          0x00001aac       0x48 src/motors/motors.o
                0x00001aac                MOTOR_init
                0x00001acc                MOTOR_A_speed
                0x00001ae0                MOTOR_B_speed
 .text          0x00001af4      0x136 src/uart/uart.o
                0x00001af4                __vector_18
                0x00001b42                __vector_19
                0x00001ba4                UART_init
                0x00001bd0                UART_write
                0x00001c00                UART_write_str
                0x00001c16                UART_read
                0x00001c22                UART_available
                0x00001c2a                . = ALIGN (0x2)
 *(.text.*)
 .text.startup  0x00001c2a       0x4c src/main.o
                0x00001c2a                main
 .text.avr-libc.fplib
                0x00001c76        0xa d:/programs/atmel studio/7.0/toolchain/avr8/avr8-gnu-toolchain/bin/../lib/gcc/avr/5.4.0/../../../../avr/lib/avr5\libm.a(addsf3.o)
                0x00001c76                __subsf3
                0x00001c78                __addsf3
 .text.avr-libc.fplib
                0x00001c80       0xc0 d:/programs/atmel studio/7.0/toolchain/avr8/avr8-gnu-toolchain/bin/../lib/gcc/avr/5.4.0/../../../../avr/lib/avr5\libm.a(addsf3x.o)
                0x00001c9a                __addsf3x
 .text.avr-libc.fplib
                0x00001d40        0x8 d:/programs/atmel studio/7.0/toolchain/avr8/avr8-gnu-toolchain/bin/../lib/gcc/avr/5.4.0/../../../../avr/lib/avr5\libm.a(cmpsf2.o)
                0x00001d40                __nesf2
                0x00001d40                __eqsf2
                0x00001d40                __cmpsf2
                0x00001d40                __ltsf2
                0x00001d40                __lesf2
 .text.avr-libc.fplib
                0x00001d48        0x4 d:/programs/atmel studio/7.0/toolchain/avr8/avr8-gnu-toolchain/bin/../lib/gcc/avr/5.4.0/../../../../avr/lib/avr5\libm.a(divsf3.o)
                0x00001d48                __divsf3
 .text.avr-libc.fplib
                0x00001d4c       0xcc d:/programs/atmel studio/7.0/toolchain/avr8/avr8-gnu-toolchain/bin/../lib/gcc/avr/5.4.0/../../../../avr/lib/avr5\libm.a(divsf3x.o)
                0x00001d62                __divsf3x
                0x00001d66                __divsf3_pse
 .text.avr-libc.fplib
                0x00001e18        0xa d:/programs/atmel studio/7.0/toolchain/avr8/avr8-gnu-toolchain/bin/../lib/gcc/avr/5.4.0/../../../../avr/lib/avr5\libm.a(fixsfsi.o)
                0x00001e18                __fixsfsi
 .text.avr-libc.fplib
                0x00001e22       0x58 d:/programs/atmel studio/7.0/toolchain/avr8/avr8-gnu-toolchain/bin/../lib/gcc/avr/5.4.0/../../../../avr/lib/avr5\libm.a(fixunssfsi.o)
                0x00001e22                __fixunssfsi
 .text.avr-libc.fplib
                0x00001e7a       0x7a d:/programs/atmel studio/7.0/toolchain/avr8/avr8-gnu-toolchain/bin/../lib/gcc/avr/5.4.0/../../../../avr/lib/avr5\libm.a(floatsisf.o)
                0x00001e7a                __floatunsisf
                0x00001e7e                __floatsisf
 .text.avr-libc.fplib
                0x00001ef4       0x26 d:/programs/atmel studio/7.0/toolchain/avr8/avr8-gnu-toolchain/bin/../lib/gcc/avr/5.4.0/../../../../avr/lib/avr5\libm.a(floor.o)
                0x00001ef4                floor
 .text.avr-libc.fplib
                0x00001f1a       0x48 d:/programs/atmel studio/7.0/toolchain/avr8/avr8-gnu-toolchain/bin/../lib/gcc/avr/5.4.0/../../../../avr/lib/avr5\libm.a(fp_cmp.o)
                0x00001f1a                __fp_cmp
 .text.avr-libc.fplib
                0x00001f62        0xc d:/programs/atmel studio/7.0/toolchain/avr8/avr8-gnu-toolchain/bin/../lib/gcc/avr/5.4.0/../../../../avr/lib/avr5\libm.a(fp_inf.o)
                0x00001f62                __fp_inf
 .text.avr-libc.fplib
                0x00001f6e       0x36 d:/programs/atmel studio/7.0/toolchain/avr8/avr8-gnu-toolchain/bin/../lib/gcc/avr/5.4.0/../../../../avr/lib/avr5\libm.a(fp_mintl.o)
                0x00001f6e                __fp_mintl
 .text.avr-libc.fplib
                0x00001fa4       0x1c d:/programs/atmel studio/7.0/toolchain/avr8/avr8-gnu-toolchain/bin/../lib/gcc/avr/5.4.0/../../../../avr/lib/avr5\libm.a(fp_mpack.o)
                0x00001fa4                __fp_mpack
                0x00001fa8                __fp_mpack_finite
 .text.avr-libc.fplib
                0x00001fc0        0x6 d:/programs/atmel studio/7.0/toolchain/avr8/avr8-gnu-toolchain/bin/../lib/gcc/avr/5.4.0/../../../../avr/lib/avr5\libm.a(fp_nan.o)
                0x00001fc0                __fp_nan
 .text.avr-libc.fplib
                0x00001fc6        0xe d:/programs/atmel studio/7.0/toolchain/avr8/avr8-gnu-toolchain/bin/../lib/gcc/avr/5.4.0/../../../../avr/lib/avr5\libm.a(fp_pscA.o)
                0x00001fc6                __fp_pscA
 .text.avr-libc.fplib
                0x00001fd4        0xe d:/programs/atmel studio/7.0/toolchain/avr8/avr8-gnu-toolchain/bin/../lib/gcc/avr/5.4.0/../../../../avr/lib/avr5\libm.a(fp_pscB.o)
                0x00001fd4                __fp_pscB
 .text.avr-libc.fplib
                0x00001fe2       0x22 d:/programs/atmel studio/7.0/toolchain/avr8/avr8-gnu-toolchain/bin/../lib/gcc/avr/5.4.0/../../../../avr/lib/avr5\libm.a(fp_round.o)
                0x00001fe2                __fp_round
 .text.avr-libc.fplib
                0x00002004       0x44 d:/programs/atmel studio/7.0/toolchain/avr8/avr8-gnu-toolchain/bin/../lib/gcc/avr/5.4.0/../../../../avr/lib/avr5\libm.a(fp_split3.o)
                0x00002004                __fp_split3
                0x00002014                __fp_splitA
 .text.avr-libc.fplib
                0x00002048       0x2e d:/programs/atmel studio/7.0/toolchain/avr8/avr8-gnu-toolchain/bin/../lib/gcc/avr/5.4.0/../../../../avr/lib/avr5\libm.a(fp_trunc.o)
                0x00002048                __fp_trunc
 .text.avr-libc.fplib
                0x00002076        0xe d:/programs/atmel studio/7.0/toolchain/avr8/avr8-gnu-toolchain/bin/../lib/gcc/avr/5.4.0/../../../../avr/lib/avr5\libm.a(fp_zero.o)
                0x00002076                __fp_zero
                0x00002078                __fp_szero
 .text.avr-libc.fplib
                0x00002084        0x8 d:/programs/atmel studio/7.0/toolchain/avr8/avr8-gnu-toolchain/bin/../lib/gcc/avr/5.4.0/../../../../avr/lib/avr5\libm.a(gesf2.o)
                0x00002084                __gesf2
                0x00002084                __gtsf2
 .text.avr-libc.fplib
                0x0000208c        0x4 d:/programs/atmel studio/7.0/toolchain/avr8/avr8-gnu-toolchain/bin/../lib/gcc/avr/5.4.0/../../../../avr/lib/avr5\libm.a(mulsf3.o)
                0x0000208c                __mulsf3
 .text.avr-libc.fplib
                0x00002090       0xc2 d:/programs/atmel studio/7.0/toolchain/avr8/avr8-gnu-toolchain/bin/../lib/gcc/avr/5.4.0/../../../../avr/lib/avr5\libm.a(mulsf3x.o)
                0x000020a4                __mulsf3x
                0x000020a8                __mulsf3_pse
 .text.libgcc.div
                0x00002152       0x26 d:/programs/atmel studio/7.0/toolchain/avr8/avr8-gnu-toolchain/bin/../lib/gcc/avr/5.4.0/avr5\libgcc.a(_divmodhi4.o)
                0x00002152                _div
                0x00002152                __divmodhi4
 .text.libgcc.div
                0x00002178       0x28 d:/programs/atmel studio/7.0/toolchain/avr8/avr8-gnu-toolchain/bin/../lib/gcc/avr/5.4.0/avr5\libgcc.a(_udivmodhi4.o)
                0x00002178                __udivmodhi4
                0x000021a0                . = ALIGN (0x2)
 *(.fini9)
 .fini9         0x000021a0        0x0 d:/programs/atmel studio/7.0/toolchain/avr8/avr8-gnu-toolchain/bin/../lib/gcc/avr/5.4.0/avr5\libgcc.a(_exit.o)
                0x000021a0                _exit
                0x000021a0                exit
 *(.fini9)
 *(.fini8)
 *(.fini8)
 *(.fini7)
 *(.fini7)
 *(.fini6)
 *(.fini6)
 *(.fini5)
 *(.fini5)
 *(.fini4)
 *(.fini4)
 *(.fini3)
 *(.fini3)
 *(.fini2)
 *(.fini2)
 *(.fini1)
 *(.fini1)
 *(.fini0)
 .fini0         0x000021a0        0x4 d:/programs/atmel studio/7.0/toolchain/avr8/avr8-gnu-toolchain/bin/../lib/gcc/avr/5.4.0/avr5\libgcc.a(_exit.o)
 *(.fini0)
                0x000021a4                _etext = .

.data           0x00800100      0x2b6 load address 0x000021a4
                0x00800100                PROVIDE (__data_start, .)
 *(.data)
 *(.data*)
 .data.lvl_mag_old.2124
                0x00800100        0x1 src/BNO055/BNO055.o
 .data.lvl_acc_old.2123
                0x00800101        0x1 src/BNO055/BNO055.o
 .data.lvl_gyro_old.2122
                0x00800102        0x1 src/BNO055/BNO055.o
 .data.lvl_sys_old.2121
                0x00800103        0x1 src/BNO055/BNO055.o
 .data._addr_calib
                0x00800104        0x1 src/BNO055/BNO055.o
 .data._addr_angle
                0x00800105        0x1 src/BNO055/BNO055.o
 *(.gnu.linkonce.d*)
 *(.rodata)
 *(.rodata*)
 .rodata.str1.1
                0x00800106      0x1a6 src/BNO055/BNO055.o
                                0x1aa (size before relaxing)
 .rodata.str1.1
                0x008002ac       0xf7 src/console/console.o
 .rodata.str1.1
                0x008003a3       0x12 src/i2c/i2c.o
 *(.gnu.linkonce.r*)
                0x008003b6                . = ALIGN (0x2)
 *fill*         0x008003b5        0x1 
                0x008003b6                _edata = .
                0x008003b6                PROVIDE (__data_end, .)

.bss            0x008003b6      0x1a8
                0x008003b6                PROVIDE (__bss_start, .)
 *(.bss)
 *(.bss*)
 .bss._time.2133
                0x008003b6        0x4 src/BNO055/BNO055.o
 .bss.calib_time.2125
                0x008003ba        0x4 src/BNO055/BNO055.o
 .bss._local    0x008003be        0xa src/BNO055/BNO055.o
 .bss._cmd      0x008003c8       0x1f src/console/console.o
 .bss.timer_PID.2143
                0x008003e7        0x4 src/control_system/control_system.o
 .bss._pid      0x008003eb       0x24 src/control_system/control_system.o
 .bss._local    0x0080040f       0x3c src/i2c/i2c.o
 .bss._local    0x0080044b        0xd src/indicator/indicator.o
 .bss._local    0x00800458      0x106 src/uart/uart.o
 *(COMMON)
                0x0080055e                PROVIDE (__bss_end, .)
                0x000021a4                __data_load_start = LOADADDR (.data)
                0x0000245a                __data_load_end = (__data_load_start + SIZEOF (.data))

.noinit         0x0080055e        0x0
                [!provide]                PROVIDE (__noinit_start, .)
 *(.noinit*)
                [!provide]                PROVIDE (__noinit_end, .)
                0x0080055e                _end = .
                [!provide]                PROVIDE (__heap_start, .)

.eeprom         0x00810000        0x0
 *(.eeprom*)
                0x00810000                __eeprom_end = .

.fuse
 *(.fuse)
 *(.lfuse)
 *(.hfuse)
 *(.efuse)

.lock
 *(.lock*)

.signature
 *(.signature*)

.user_signatures
 *(.user_signatures*)

.stab
 *(.stab)

.stabstr
 *(.stabstr)

.stab.excl
 *(.stab.excl)

.stab.exclstr
 *(.stab.exclstr)

.stab.index
 *(.stab.index)

.stab.indexstr
 *(.stab.indexstr)

.comment        0x00000000       0x30
 *(.comment)
 .comment       0x00000000       0x30 src/BNO055/BNO055.o
                                 0x31 (size before relaxing)
 .comment       0x00000030       0x31 src/console/console.o
 .comment       0x00000030       0x31 src/control_system/control_system.o
 .comment       0x00000030       0x31 src/EEPROM/eeprom.o
 .comment       0x00000030       0x31 src/i2c/i2c.o
 .comment       0x00000030       0x31 src/indicator/indicator.o
 .comment       0x00000030       0x31 src/main.o
 .comment       0x00000030       0x31 src/misc/circular_buff.o
 .comment       0x00000030       0x31 src/motors/motors.o
 .comment       0x00000030       0x31 src/uart/uart.o

.note.gnu.avr.deviceinfo
                0x00000000       0x40
 .note.gnu.avr.deviceinfo
                0x00000000       0x40 D:/Programs/Atmel Studio/7.0/Packs/atmel/ATmega_DFP/1.2.209/gcc/dev/atmega328p/avr5/crtatmega328p.o

.note.gnu.build-id
 *(.note.gnu.build-id)

.debug
 *(.debug)

.line
 *(.line)

.debug_srcinfo
 *(.debug_srcinfo)

.debug_sfnames
 *(.debug_sfnames)

.debug_aranges  0x00000000      0x140
 *(.debug_aranges)
 .debug_aranges
                0x00000000       0x20 src/BNO055/BNO055.o
 .debug_aranges
                0x00000020       0x20 src/console/console.o
 .debug_aranges
                0x00000040       0x20 src/control_system/control_system.o
 .debug_aranges
                0x00000060       0x20 src/EEPROM/eeprom.o
 .debug_aranges
                0x00000080       0x20 src/i2c/i2c.o
 .debug_aranges
                0x000000a0       0x20 src/indicator/indicator.o
 .debug_aranges
                0x000000c0       0x20 src/main.o
 .debug_aranges
                0x000000e0       0x20 src/misc/circular_buff.o
 .debug_aranges
                0x00000100       0x20 src/motors/motors.o
 .debug_aranges
                0x00000120       0x20 src/uart/uart.o

.debug_pubnames
 *(.debug_pubnames)

.debug_info     0x00000000     0x467c
 *(.debug_info .gnu.linkonce.wi.*)
 .debug_info    0x00000000      0x5f4 D:/Programs/Atmel Studio/7.0/Packs/atmel/ATmega_DFP/1.2.209/gcc/dev/atmega328p/avr5/crtatmega328p.o
 .debug_info    0x000005f4     0x15a3 src/BNO055/BNO055.o
 .debug_info    0x00001b97      0x9ba src/console/console.o
 .debug_info    0x00002551      0xf1f src/control_system/control_system.o
 .debug_info    0x00003470      0x2ae src/EEPROM/eeprom.o
 .debug_info    0x0000371e      0x2c4 src/i2c/i2c.o
 .debug_info    0x000039e2      0x42a src/indicator/indicator.o
 .debug_info    0x00003e0c      0x255 src/main.o
 .debug_info    0x00004061      0x16f src/misc/circular_buff.o
 .debug_info    0x000041d0      0x12c src/motors/motors.o
 .debug_info    0x000042fc      0x380 src/uart/uart.o

.debug_abbrev   0x00000000     0x1701
 *(.debug_abbrev)
 .debug_abbrev  0x00000000      0x5a2 D:/Programs/Atmel Studio/7.0/Packs/atmel/ATmega_DFP/1.2.209/gcc/dev/atmega328p/avr5/crtatmega328p.o
 .debug_abbrev  0x000005a2      0x354 src/BNO055/BNO055.o
 .debug_abbrev  0x000008f6      0x29c src/console/console.o
 .debug_abbrev  0x00000b92      0x349 src/control_system/control_system.o
 .debug_abbrev  0x00000edb      0x173 src/EEPROM/eeprom.o
 .debug_abbrev  0x0000104e      0x18d src/i2c/i2c.o
 .debug_abbrev  0x000011db       0xc3 src/indicator/indicator.o
 .debug_abbrev  0x0000129e       0xbb src/main.o
 .debug_abbrev  0x00001359       0xee src/misc/circular_buff.o
 .debug_abbrev  0x00001447       0xb1 src/motors/motors.o
 .debug_abbrev  0x000014f8      0x209 src/uart/uart.o

.debug_line     0x00000000     0x2eef
 *(.debug_line .debug_line.* .debug_line_end)
 .debug_line    0x00000000      0x133 D:/Programs/Atmel Studio/7.0/Packs/atmel/ATmega_DFP/1.2.209/gcc/dev/atmega328p/avr5/crtatmega328p.o
 .debug_line    0x00000133      0x86a src/BNO055/BNO055.o
 .debug_line    0x0000099d      0x628 src/console/console.o
 .debug_line    0x00000fc5      0x7b7 src/control_system/control_system.o
 .debug_line    0x0000177c      0x388 src/EEPROM/eeprom.o
 .debug_line    0x00001b04      0x464 src/i2c/i2c.o
 .debug_line    0x00001f68      0x331 src/indicator/indicator.o
 .debug_line    0x00002299      0x41e src/main.o
 .debug_line    0x000026b7      0x1b2 src/misc/circular_buff.o
 .debug_line    0x00002869      0x2c3 src/motors/motors.o
 .debug_line    0x00002b2c      0x3c3 src/uart/uart.o

.debug_frame    0x00000000      0xa10
 *(.debug_frame)
 .debug_frame   0x00000000      0x2dc src/BNO055/BNO055.o
 .debug_frame   0x000002dc      0x198 src/console/console.o
 .debug_frame   0x00000474      0x218 src/control_system/control_system.o
 .debug_frame   0x0000068c       0x94 src/EEPROM/eeprom.o
 .debug_frame   0x00000720       0xb8 src/i2c/i2c.o
 .debug_frame   0x000007d8       0x4c src/indicator/indicator.o
 .debug_frame   0x00000824       0x24 src/main.o
 .debug_frame   0x00000848       0x5c src/misc/circular_buff.o
 .debug_frame   0x000008a4       0x44 src/motors/motors.o
 .debug_frame   0x000008e8      0x128 src/uart/uart.o

.debug_str      0x00000000     0x8dbc
 *(.debug_str)
 .debug_str     0x00000000      0x208 D:/Programs/Atmel Studio/7.0/Packs/atmel/ATmega_DFP/1.2.209/gcc/dev/atmega328p/avr5/crtatmega328p.o
 .debug_str     0x00000208     0x82bd src/BNO055/BNO055.o
                               0x8461 (size before relaxing)
 .debug_str     0x000084c5      0x1a3 src/console/console.o
                               0x8011 (size before relaxing)
 .debug_str     0x00008668      0x46c src/control_system/control_system.o
                               0x8531 (size before relaxing)
 .debug_str     0x00008ad4       0x39 src/EEPROM/eeprom.o
                               0x6d70 (size before relaxing)
 .debug_str     0x00008b0d      0x124 src/i2c/i2c.o
                               0x7245 (size before relaxing)
 .debug_str     0x00008c31       0x5a src/indicator/indicator.o
                               0x748e (size before relaxing)
 .debug_str     0x00008c8b       0x28 src/main.o
                               0x72f0 (size before relaxing)
 .debug_str     0x00008cb3       0xa2 src/misc/circular_buff.o
                               0x32ec (size before relaxing)
 .debug_str     0x00008d55       0x17 src/motors/motors.o
                               0x68f1 (size before relaxing)
 .debug_str     0x00008d6c       0x50 src/uart/uart.o
                               0x7060 (size before relaxing)

.debug_loc      0x00000000     0x25d1
 *(.debug_loc)
 .debug_loc     0x00000000      0xfa7 src/BNO055/BNO055.o
 .debug_loc     0x00000fa7      0x634 src/console/console.o
 .debug_loc     0x000015db      0x6bd src/control_system/control_system.o
 .debug_loc     0x00001c98      0x2cd src/EEPROM/eeprom.o
 .debug_loc     0x00001f65      0x1c2 src/i2c/i2c.o
 .debug_loc     0x00002127       0xb1 src/indicator/indicator.o
 .debug_loc     0x000021d8       0xc1 src/misc/circular_buff.o
 .debug_loc     0x00002299       0x4c src/motors/motors.o
 .debug_loc     0x000022e5      0x2ec src/uart/uart.o

.debug_macinfo
 *(.debug_macinfo)

.debug_weaknames
 *(.debug_weaknames)

.debug_funcnames
 *(.debug_funcnames)

.debug_typenames
 *(.debug_typenames)

.debug_varnames
 *(.debug_varnames)

.debug_pubtypes
 *(.debug_pubtypes)

.debug_ranges   0x00000000       0x40
 *(.debug_ranges)
 .debug_ranges  0x00000000       0x18 src/BNO055/BNO055.o
 .debug_ranges  0x00000018       0x18 src/control_system/control_system.o
 .debug_ranges  0x00000030       0x10 src/main.o

.debug_macro    0x00000000     0x369d
 *(.debug_macro)
 .debug_macro   0x00000000      0x10e src/BNO055/BNO055.o
 .debug_macro   0x0000010e      0xa54 src/BNO055/BNO055.o
 .debug_macro   0x00000b62      0x1c9 src/BNO055/BNO055.o
 .debug_macro   0x00000d2b       0x22 src/BNO055/BNO055.o
 .debug_macro   0x00000d4d       0x16 src/BNO055/BNO055.o
 .debug_macro   0x00000d63       0x16 src/BNO055/BNO055.o
 .debug_macro   0x00000d79       0x10 src/BNO055/BNO055.o
 .debug_macro   0x00000d89      0x302 src/BNO055/BNO055.o
 .debug_macro   0x0000108b      0x166 src/BNO055/BNO055.o
 .debug_macro   0x000011f1       0xaa src/BNO055/BNO055.o
 .debug_macro   0x0000129b     0x1410 src/BNO055/BNO055.o
 .debug_macro   0x000026ab      0x13a src/BNO055/BNO055.o
 .debug_macro   0x000027e5       0xbd src/BNO055/BNO055.o
 .debug_macro   0x000028a2       0x34 src/BNO055/BNO055.o
 .debug_macro   0x000028d6       0x18 src/BNO055/BNO055.o
 .debug_macro   0x000028ee       0x6c src/BNO055/BNO055.o
 .debug_macro   0x0000295a       0x69 src/BNO055/BNO055.o
 .debug_macro   0x000029c3       0x34 src/BNO055/BNO055.o
 .debug_macro   0x000029f7       0x16 src/BNO055/BNO055.o
 .debug_macro   0x00002a0d       0x58 src/BNO055/BNO055.o
 .debug_macro   0x00002a65       0x10 src/BNO055/BNO055.o
 .debug_macro   0x00002a75      0x10a src/console/console.o
 .debug_macro   0x00002b7f       0x10 src/console/console.o
 .debug_macro   0x00002b8f       0x10 src/console/console.o
 .debug_macro   0x00002b9f      0x2fc src/console/console.o
 .debug_macro   0x00002e9b       0x9e src/console/console.o
 .debug_macro   0x00002f39       0x2e src/console/console.o
 .debug_macro   0x00002f67      0x133 src/control_system/control_system.o
 .debug_macro   0x0000309a       0x3a src/control_system/control_system.o
 .debug_macro   0x000030d4       0x28 src/control_system/control_system.o
 .debug_macro   0x000030fc       0xa3 src/EEPROM/eeprom.o
 .debug_macro   0x0000319f       0xee src/i2c/i2c.o
 .debug_macro   0x0000328d       0x1c src/i2c/i2c.o
 .debug_macro   0x000032a9       0xcc src/indicator/indicator.o
 .debug_macro   0x00003375      0x143 src/main.o
 .debug_macro   0x000034b8       0x22 src/main.o
 .debug_macro   0x000034da       0x3d src/misc/circular_buff.o
 .debug_macro   0x00003517       0x10 src/misc/circular_buff.o
 .debug_macro   0x00003527       0xa4 src/motors/motors.o
 .debug_macro   0x000035cb       0xd2 src/uart/uart.o
OUTPUT(TWIP.elf elf32-avr)
LOAD linker stubs
