Archive member included to satisfy reference by file (symbol)

d:/programs/atmel studio/7.0/toolchain/avr8/avr8-gnu-toolchain/bin/../lib/gcc/avr/5.4.0/../../../../avr/lib/avr5\libm.a(addsf3.o)
                              src/console/console.o (__subsf3)
d:/programs/atmel studio/7.0/toolchain/avr8/avr8-gnu-toolchain/bin/../lib/gcc/avr/5.4.0/../../../../avr/lib/avr5\libm.a(addsf3x.o)
                              d:/programs/atmel studio/7.0/toolchain/avr8/avr8-gnu-toolchain/bin/../lib/gcc/avr/5.4.0/../../../../avr/lib/avr5\libm.a(addsf3.o) (__addsf3x)
d:/programs/atmel studio/7.0/toolchain/avr8/avr8-gnu-toolchain/bin/../lib/gcc/avr/5.4.0/../../../../avr/lib/avr5\libm.a(cmpsf2.o)
                              src/console/console.o (__ltsf2)
d:/programs/atmel studio/7.0/toolchain/avr8/avr8-gnu-toolchain/bin/../lib/gcc/avr/5.4.0/../../../../avr/lib/avr5\libm.a(divsf3.o)
                              src/console/console.o (__divsf3)
d:/programs/atmel studio/7.0/toolchain/avr8/avr8-gnu-toolchain/bin/../lib/gcc/avr/5.4.0/../../../../avr/lib/avr5\libm.a(divsf3x.o)
                              d:/programs/atmel studio/7.0/toolchain/avr8/avr8-gnu-toolchain/bin/../lib/gcc/avr/5.4.0/../../../../avr/lib/avr5\libm.a(divsf3.o) (__divsf3x)
d:/programs/atmel studio/7.0/toolchain/avr8/avr8-gnu-toolchain/bin/../lib/gcc/avr/5.4.0/../../../../avr/lib/avr5\libm.a(fixsfsi.o)
                              src/console/console.o (__fixsfsi)
d:/programs/atmel studio/7.0/toolchain/avr8/avr8-gnu-toolchain/bin/../lib/gcc/avr/5.4.0/../../../../avr/lib/avr5\libm.a(fixunssfsi.o)
                              d:/programs/atmel studio/7.0/toolchain/avr8/avr8-gnu-toolchain/bin/../lib/gcc/avr/5.4.0/../../../../avr/lib/avr5\libm.a(fixsfsi.o) (__fixunssfsi)
d:/programs/atmel studio/7.0/toolchain/avr8/avr8-gnu-toolchain/bin/../lib/gcc/avr/5.4.0/../../../../avr/lib/avr5\libm.a(floatsisf.o)
                              src/BNO055/BNO055.o (__floatsisf)
d:/programs/atmel studio/7.0/toolchain/avr8/avr8-gnu-toolchain/bin/../lib/gcc/avr/5.4.0/../../../../avr/lib/avr5\libm.a(floor.o)
                              src/console/console.o (floor)
d:/programs/atmel studio/7.0/toolchain/avr8/avr8-gnu-toolchain/bin/../lib/gcc/avr/5.4.0/../../../../avr/lib/avr5\libm.a(fp_cmp.o)
                              d:/programs/atmel studio/7.0/toolchain/avr8/avr8-gnu-toolchain/bin/../lib/gcc/avr/5.4.0/../../../../avr/lib/avr5\libm.a(cmpsf2.o) (__fp_cmp)
d:/programs/atmel studio/7.0/toolchain/avr8/avr8-gnu-toolchain/bin/../lib/gcc/avr/5.4.0/../../../../avr/lib/avr5\libm.a(fp_inf.o)
                              d:/programs/atmel studio/7.0/toolchain/avr8/avr8-gnu-toolchain/bin/../lib/gcc/avr/5.4.0/../../../../avr/lib/avr5\libm.a(addsf3x.o) (__fp_inf)
d:/programs/atmel studio/7.0/toolchain/avr8/avr8-gnu-toolchain/bin/../lib/gcc/avr/5.4.0/../../../../avr/lib/avr5\libm.a(fp_mintl.o)
                              d:/programs/atmel studio/7.0/toolchain/avr8/avr8-gnu-toolchain/bin/../lib/gcc/avr/5.4.0/../../../../avr/lib/avr5\libm.a(floor.o) (__fp_mintl)
d:/programs/atmel studio/7.0/toolchain/avr8/avr8-gnu-toolchain/bin/../lib/gcc/avr/5.4.0/../../../../avr/lib/avr5\libm.a(fp_mpack.o)
                              d:/programs/atmel studio/7.0/toolchain/avr8/avr8-gnu-toolchain/bin/../lib/gcc/avr/5.4.0/../../../../avr/lib/avr5\libm.a(floor.o) (__fp_mpack)
d:/programs/atmel studio/7.0/toolchain/avr8/avr8-gnu-toolchain/bin/../lib/gcc/avr/5.4.0/../../../../avr/lib/avr5\libm.a(fp_nan.o)
                              d:/programs/atmel studio/7.0/toolchain/avr8/avr8-gnu-toolchain/bin/../lib/gcc/avr/5.4.0/../../../../avr/lib/avr5\libm.a(addsf3x.o) (__fp_nan)
d:/programs/atmel studio/7.0/toolchain/avr8/avr8-gnu-toolchain/bin/../lib/gcc/avr/5.4.0/../../../../avr/lib/avr5\libm.a(fp_pscA.o)
                              d:/programs/atmel studio/7.0/toolchain/avr8/avr8-gnu-toolchain/bin/../lib/gcc/avr/5.4.0/../../../../avr/lib/avr5\libm.a(addsf3x.o) (__fp_pscA)
d:/programs/atmel studio/7.0/toolchain/avr8/avr8-gnu-toolchain/bin/../lib/gcc/avr/5.4.0/../../../../avr/lib/avr5\libm.a(fp_pscB.o)
                              d:/programs/atmel studio/7.0/toolchain/avr8/avr8-gnu-toolchain/bin/../lib/gcc/avr/5.4.0/../../../../avr/lib/avr5\libm.a(addsf3x.o) (__fp_pscB)
d:/programs/atmel studio/7.0/toolchain/avr8/avr8-gnu-toolchain/bin/../lib/gcc/avr/5.4.0/../../../../avr/lib/avr5\libm.a(fp_round.o)
                              d:/programs/atmel studio/7.0/toolchain/avr8/avr8-gnu-toolchain/bin/../lib/gcc/avr/5.4.0/../../../../avr/lib/avr5\libm.a(addsf3.o) (__fp_round)
d:/programs/atmel studio/7.0/toolchain/avr8/avr8-gnu-toolchain/bin/../lib/gcc/avr/5.4.0/../../../../avr/lib/avr5\libm.a(fp_split3.o)
                              d:/programs/atmel studio/7.0/toolchain/avr8/avr8-gnu-toolchain/bin/../lib/gcc/avr/5.4.0/../../../../avr/lib/avr5\libm.a(addsf3x.o) (__fp_split3)
d:/programs/atmel studio/7.0/toolchain/avr8/avr8-gnu-toolchain/bin/../lib/gcc/avr/5.4.0/../../../../avr/lib/avr5\libm.a(fp_trunc.o)
                              d:/programs/atmel studio/7.0/toolchain/avr8/avr8-gnu-toolchain/bin/../lib/gcc/avr/5.4.0/../../../../avr/lib/avr5\libm.a(floor.o) (__fp_trunc)
d:/programs/atmel studio/7.0/toolchain/avr8/avr8-gnu-toolchain/bin/../lib/gcc/avr/5.4.0/../../../../avr/lib/avr5\libm.a(fp_zero.o)
                              d:/programs/atmel studio/7.0/toolchain/avr8/avr8-gnu-toolchain/bin/../lib/gcc/avr/5.4.0/../../../../avr/lib/avr5\libm.a(addsf3x.o) (__fp_zero)
d:/programs/atmel studio/7.0/toolchain/avr8/avr8-gnu-toolchain/bin/../lib/gcc/avr/5.4.0/../../../../avr/lib/avr5\libm.a(gesf2.o)
                              src/control_system/control_system.o (__gtsf2)
d:/programs/atmel studio/7.0/toolchain/avr8/avr8-gnu-toolchain/bin/../lib/gcc/avr/5.4.0/../../../../avr/lib/avr5\libm.a(mulsf3.o)
                              src/BNO055/BNO055.o (__mulsf3)
d:/programs/atmel studio/7.0/toolchain/avr8/avr8-gnu-toolchain/bin/../lib/gcc/avr/5.4.0/../../../../avr/lib/avr5\libm.a(mulsf3x.o)
                              d:/programs/atmel studio/7.0/toolchain/avr8/avr8-gnu-toolchain/bin/../lib/gcc/avr/5.4.0/../../../../avr/lib/avr5\libm.a(mulsf3.o) (__mulsf3x)
d:/programs/atmel studio/7.0/toolchain/avr8/avr8-gnu-toolchain/bin/../lib/gcc/avr/5.4.0/avr5\libgcc.a(_divmodhi4.o)
                              src/console/console.o (__divmodhi4)
d:/programs/atmel studio/7.0/toolchain/avr8/avr8-gnu-toolchain/bin/../lib/gcc/avr/5.4.0/avr5\libgcc.a(_exit.o)
                              D:/Programs/Atmel Studio/7.0/Packs/atmel/ATmega_DFP/1.2.209/gcc/dev/atmega328p/avr5/crtatmega328p.o (exit)
d:/programs/atmel studio/7.0/toolchain/avr8/avr8-gnu-toolchain/bin/../lib/gcc/avr/5.4.0/avr5\libgcc.a(_copy_data.o)
                              src/BNO055/BNO055.o (__do_copy_data)
d:/programs/atmel studio/7.0/toolchain/avr8/avr8-gnu-toolchain/bin/../lib/gcc/avr/5.4.0/avr5\libgcc.a(_clear_bss.o)
                              src/BNO055/BNO055.o (__do_clear_bss)
d:/programs/atmel studio/7.0/toolchain/avr8/avr8-gnu-toolchain/bin/../lib/gcc/avr/5.4.0/avr5\libgcc.a(_udivmodhi4.o)
                              d:/programs/atmel studio/7.0/toolchain/avr8/avr8-gnu-toolchain/bin/../lib/gcc/avr/5.4.0/avr5\libgcc.a(_divmodhi4.o) (__udivmodhi4)

Allocating common symbols
Common symbol       size              file

_dev_bno_x          0x4               src/control_system/control_system.o
_dev_bno_cal_acc    0x1               src/control_system/control_system.o
_dev_bno_y          0x4               src/control_system/control_system.o
_dev_bno_cal_gyro   0x1               src/control_system/control_system.o
_dev_bno_z          0x4               src/control_system/control_system.o

Discarded input sections

 .data          0x00000000        0x0 D:/Programs/Atmel Studio/7.0/Packs/atmel/ATmega_DFP/1.2.209/gcc/dev/atmega328p/avr5/crtatmega328p.o
 .bss           0x00000000        0x0 D:/Programs/Atmel Studio/7.0/Packs/atmel/ATmega_DFP/1.2.209/gcc/dev/atmega328p/avr5/crtatmega328p.o
 .group         0x00000000        0x8 src/BNO055/BNO055.o
 .group         0x00000000        0x8 src/BNO055/BNO055.o
 .group         0x00000000        0x8 src/BNO055/BNO055.o
 .group         0x00000000        0x8 src/BNO055/BNO055.o
 .group         0x00000000        0x8 src/BNO055/BNO055.o
 .group         0x00000000        0x8 src/BNO055/BNO055.o
 .group         0x00000000        0x8 src/BNO055/BNO055.o
 .group         0x00000000        0x8 src/BNO055/BNO055.o
 .group         0x00000000        0x8 src/BNO055/BNO055.o
 .group         0x00000000        0x8 src/BNO055/BNO055.o
 .group         0x00000000        0x8 src/BNO055/BNO055.o
 .group         0x00000000        0x8 src/BNO055/BNO055.o
 .group         0x00000000        0x8 src/BNO055/BNO055.o
 .group         0x00000000        0x8 src/BNO055/BNO055.o
 .group         0x00000000        0x8 src/BNO055/BNO055.o
 .group         0x00000000        0x8 src/BNO055/BNO055.o
 .group         0x00000000        0x8 src/BNO055/BNO055.o
 .group         0x00000000        0x8 src/BNO055/BNO055.o
 .group         0x00000000        0x8 src/BNO055/BNO055.o
 .data          0x00000000        0x0 src/BNO055/BNO055.o
 .bss           0x00000000        0x0 src/BNO055/BNO055.o
 .group         0x00000000        0x8 src/console/console.o
 .group         0x00000000        0x8 src/console/console.o
 .group         0x00000000        0x8 src/console/console.o
 .group         0x00000000        0x8 src/console/console.o
 .group         0x00000000        0x8 src/console/console.o
 .group         0x00000000        0x8 src/console/console.o
 .group         0x00000000        0x8 src/console/console.o
 .group         0x00000000        0x8 src/console/console.o
 .group         0x00000000        0x8 src/console/console.o
 .group         0x00000000        0x8 src/console/console.o
 .group         0x00000000        0x8 src/console/console.o
 .group         0x00000000        0x8 src/console/console.o
 .group         0x00000000        0x8 src/console/console.o
 .group         0x00000000        0x8 src/console/console.o
 .group         0x00000000        0x8 src/console/console.o
 .group         0x00000000        0x8 src/console/console.o
 .group         0x00000000        0x8 src/console/console.o
 .group         0x00000000        0x8 src/console/console.o
 .data          0x00000000        0x0 src/console/console.o
 .bss           0x00000000        0x0 src/console/console.o
 .debug_macro   0x00000000      0xa54 src/console/console.o
 .debug_macro   0x00000000       0x58 src/console/console.o
 .debug_macro   0x00000000       0x22 src/console/console.o
 .debug_macro   0x00000000      0x166 src/console/console.o
 .debug_macro   0x00000000      0x1c9 src/console/console.o
 .debug_macro   0x00000000     0x1410 src/console/console.o
 .debug_macro   0x00000000      0x13a src/console/console.o
 .debug_macro   0x00000000       0xbd src/console/console.o
 .debug_macro   0x00000000       0x34 src/console/console.o
 .debug_macro   0x00000000       0x18 src/console/console.o
 .debug_macro   0x00000000       0x6c src/console/console.o
 .debug_macro   0x00000000       0x69 src/console/console.o
 .debug_macro   0x00000000       0x16 src/console/console.o
 .group         0x00000000        0x8 src/control_system/control_system.o
 .group         0x00000000        0x8 src/control_system/control_system.o
 .group         0x00000000        0x8 src/control_system/control_system.o
 .group         0x00000000        0x8 src/control_system/control_system.o
 .group         0x00000000        0x8 src/control_system/control_system.o
 .group         0x00000000        0x8 src/control_system/control_system.o
 .group         0x00000000        0x8 src/control_system/control_system.o
 .group         0x00000000        0x8 src/control_system/control_system.o
 .group         0x00000000        0x8 src/control_system/control_system.o
 .group         0x00000000        0x8 src/control_system/control_system.o
 .group         0x00000000        0x8 src/control_system/control_system.o
 .group         0x00000000        0x8 src/control_system/control_system.o
 .group         0x00000000        0x8 src/control_system/control_system.o
 .group         0x00000000        0x8 src/control_system/control_system.o
 .group         0x00000000        0x8 src/control_system/control_system.o
 .group         0x00000000        0x8 src/control_system/control_system.o
 .group         0x00000000        0x8 src/control_system/control_system.o
 .group         0x00000000        0x8 src/control_system/control_system.o
 .group         0x00000000        0x8 src/control_system/control_system.o
 .group         0x00000000        0x8 src/control_system/control_system.o
 .group         0x00000000        0x8 src/control_system/control_system.o
 .data          0x00000000        0x0 src/control_system/control_system.o
 .bss           0x00000000        0x0 src/control_system/control_system.o
 .debug_macro   0x00000000      0xa54 src/control_system/control_system.o
 .debug_macro   0x00000000      0x1c9 src/control_system/control_system.o
 .debug_macro   0x00000000       0x22 src/control_system/control_system.o
 .debug_macro   0x00000000       0x16 src/control_system/control_system.o
 .debug_macro   0x00000000      0x166 src/control_system/control_system.o
 .debug_macro   0x00000000       0x16 src/control_system/control_system.o
 .debug_macro   0x00000000       0x10 src/control_system/control_system.o
 .debug_macro   0x00000000      0x302 src/control_system/control_system.o
 .debug_macro   0x00000000       0x9e src/control_system/control_system.o
 .debug_macro   0x00000000     0x1410 src/control_system/control_system.o
 .debug_macro   0x00000000      0x13a src/control_system/control_system.o
 .debug_macro   0x00000000       0xbd src/control_system/control_system.o
 .debug_macro   0x00000000       0x34 src/control_system/control_system.o
 .debug_macro   0x00000000       0x18 src/control_system/control_system.o
 .debug_macro   0x00000000       0x6c src/control_system/control_system.o
 .debug_macro   0x00000000       0x69 src/control_system/control_system.o
 .debug_macro   0x00000000       0x10 src/control_system/control_system.o
 .debug_macro   0x00000000       0x16 src/control_system/control_system.o
 .group         0x00000000        0x8 src/EEPROM/eeprom.o
 .group         0x00000000        0x8 src/EEPROM/eeprom.o
 .group         0x00000000        0x8 src/EEPROM/eeprom.o
 .group         0x00000000        0x8 src/EEPROM/eeprom.o
 .group         0x00000000        0x8 src/EEPROM/eeprom.o
 .group         0x00000000        0x8 src/EEPROM/eeprom.o
 .group         0x00000000        0x8 src/EEPROM/eeprom.o
 .group         0x00000000        0x8 src/EEPROM/eeprom.o
 .group         0x00000000        0x8 src/EEPROM/eeprom.o
 .group         0x00000000        0x8 src/EEPROM/eeprom.o
 .group         0x00000000        0x8 src/EEPROM/eeprom.o
 .group         0x00000000        0x8 src/EEPROM/eeprom.o
 .group         0x00000000        0x8 src/EEPROM/eeprom.o
 .data          0x00000000        0x0 src/EEPROM/eeprom.o
 .bss           0x00000000        0x0 src/EEPROM/eeprom.o
 .debug_macro   0x00000000      0xa54 src/EEPROM/eeprom.o
 .debug_macro   0x00000000      0x1c9 src/EEPROM/eeprom.o
 .debug_macro   0x00000000       0x10 src/EEPROM/eeprom.o
 .debug_macro   0x00000000      0x302 src/EEPROM/eeprom.o
 .debug_macro   0x00000000       0x9e src/EEPROM/eeprom.o
 .debug_macro   0x00000000     0x1410 src/EEPROM/eeprom.o
 .debug_macro   0x00000000      0x13a src/EEPROM/eeprom.o
 .debug_macro   0x00000000       0xbd src/EEPROM/eeprom.o
 .debug_macro   0x00000000       0x34 src/EEPROM/eeprom.o
 .debug_macro   0x00000000       0x18 src/EEPROM/eeprom.o
 .debug_macro   0x00000000       0x6c src/EEPROM/eeprom.o
 .debug_macro   0x00000000       0x69 src/EEPROM/eeprom.o
 .debug_macro   0x00000000       0x2e src/EEPROM/eeprom.o
 .group         0x00000000        0x8 src/i2c/i2c.o
 .group         0x00000000        0x8 src/i2c/i2c.o
 .group         0x00000000        0x8 src/i2c/i2c.o
 .group         0x00000000        0x8 src/i2c/i2c.o
 .group         0x00000000        0x8 src/i2c/i2c.o
 .group         0x00000000        0x8 src/i2c/i2c.o
 .group         0x00000000        0x8 src/i2c/i2c.o
 .group         0x00000000        0x8 src/i2c/i2c.o
 .group         0x00000000        0x8 src/i2c/i2c.o
 .group         0x00000000        0x8 src/i2c/i2c.o
 .group         0x00000000        0x8 src/i2c/i2c.o
 .group         0x00000000        0x8 src/i2c/i2c.o
 .group         0x00000000        0x8 src/i2c/i2c.o
 .group         0x00000000        0x8 src/i2c/i2c.o
 .group         0x00000000        0x8 src/i2c/i2c.o
 .group         0x00000000        0x8 src/i2c/i2c.o
 .group         0x00000000        0x8 src/i2c/i2c.o
 .group         0x00000000        0x8 src/i2c/i2c.o
 .data          0x00000000        0x0 src/i2c/i2c.o
 .bss           0x00000000        0x0 src/i2c/i2c.o
 .debug_macro   0x00000000      0xa54 src/i2c/i2c.o
 .debug_macro   0x00000000      0x1c9 src/i2c/i2c.o
 .debug_macro   0x00000000       0x22 src/i2c/i2c.o
 .debug_macro   0x00000000       0x10 src/i2c/i2c.o
 .debug_macro   0x00000000      0x302 src/i2c/i2c.o
 .debug_macro   0x00000000       0x9e src/i2c/i2c.o
 .debug_macro   0x00000000     0x1410 src/i2c/i2c.o
 .debug_macro   0x00000000      0x13a src/i2c/i2c.o
 .debug_macro   0x00000000       0xbd src/i2c/i2c.o
 .debug_macro   0x00000000       0x34 src/i2c/i2c.o
 .debug_macro   0x00000000       0x18 src/i2c/i2c.o
 .debug_macro   0x00000000       0x6c src/i2c/i2c.o
 .debug_macro   0x00000000       0x69 src/i2c/i2c.o
 .debug_macro   0x00000000       0x58 src/i2c/i2c.o
 .debug_macro   0x00000000       0x16 src/i2c/i2c.o
 .debug_macro   0x00000000       0x10 src/i2c/i2c.o
 .debug_macro   0x00000000      0x166 src/i2c/i2c.o
 .group         0x00000000        0x8 src/indicator/indicator.o
 .group         0x00000000        0x8 src/indicator/indicator.o
 .group         0x00000000        0x8 src/indicator/indicator.o
 .group         0x00000000        0x8 src/indicator/indicator.o
 .group         0x00000000        0x8 src/indicator/indicator.o
 .group         0x00000000        0x8 src/indicator/indicator.o
 .group         0x00000000        0x8 src/indicator/indicator.o
 .group         0x00000000        0x8 src/indicator/indicator.o
 .group         0x00000000        0x8 src/indicator/indicator.o
 .group         0x00000000        0x8 src/indicator/indicator.o
 .group         0x00000000        0x8 src/indicator/indicator.o
 .group         0x00000000        0x8 src/indicator/indicator.o
 .group         0x00000000        0x8 src/indicator/indicator.o
 .group         0x00000000        0x8 src/indicator/indicator.o
 .data          0x00000000        0x0 src/indicator/indicator.o
 .bss           0x00000000        0x0 src/indicator/indicator.o
 .debug_macro   0x00000000      0xa54 src/indicator/indicator.o
 .debug_macro   0x00000000       0x10 src/indicator/indicator.o
 .debug_macro   0x00000000      0x1c9 src/indicator/indicator.o
 .debug_macro   0x00000000      0x2fc src/indicator/indicator.o
 .debug_macro   0x00000000       0x9e src/indicator/indicator.o
 .debug_macro   0x00000000     0x1410 src/indicator/indicator.o
 .debug_macro   0x00000000      0x13a src/indicator/indicator.o
 .debug_macro   0x00000000       0xbd src/indicator/indicator.o
 .debug_macro   0x00000000       0x34 src/indicator/indicator.o
 .debug_macro   0x00000000       0x18 src/indicator/indicator.o
 .debug_macro   0x00000000       0x6c src/indicator/indicator.o
 .debug_macro   0x00000000       0x16 src/indicator/indicator.o
 .debug_macro   0x00000000       0x22 src/indicator/indicator.o
 .debug_macro   0x00000000       0x16 src/indicator/indicator.o
 .group         0x00000000        0x8 src/main.o
 .group         0x00000000        0x8 src/main.o
 .group         0x00000000        0x8 src/main.o
 .group         0x00000000        0x8 src/main.o
 .group         0x00000000        0x8 src/main.o
 .group         0x00000000        0x8 src/main.o
 .group         0x00000000        0x8 src/main.o
 .group         0x00000000        0x8 src/main.o
 .group         0x00000000        0x8 src/main.o
 .group         0x00000000        0x8 src/main.o
 .group         0x00000000        0x8 src/main.o
 .group         0x00000000        0x8 src/main.o
 .group         0x00000000        0x8 src/main.o
 .group         0x00000000        0x8 src/main.o
 .group         0x00000000        0x8 src/main.o
 .group         0x00000000        0x8 src/main.o
 .group         0x00000000        0x8 src/main.o
 .group         0x00000000        0x8 src/main.o
 .group         0x00000000        0x8 src/main.o
 .text          0x00000000        0x0 src/main.o
 .data          0x00000000        0x0 src/main.o
 .bss           0x00000000        0x0 src/main.o
 .debug_macro   0x00000000      0xa54 src/main.o
 .debug_macro   0x00000000       0x10 src/main.o
 .debug_macro   0x00000000      0x1c9 src/main.o
 .debug_macro   0x00000000      0x2fc src/main.o
 .debug_macro   0x00000000       0x9e src/main.o
 .debug_macro   0x00000000     0x1410 src/main.o
 .debug_macro   0x00000000      0x13a src/main.o
 .debug_macro   0x00000000       0xbd src/main.o
 .debug_macro   0x00000000       0x34 src/main.o
 .debug_macro   0x00000000       0x18 src/main.o
 .debug_macro   0x00000000       0x6c src/main.o
 .debug_macro   0x00000000       0x69 src/main.o
 .debug_macro   0x00000000       0x58 src/main.o
 .debug_macro   0x00000000       0x22 src/main.o
 .debug_macro   0x00000000       0x16 src/main.o
 .debug_macro   0x00000000       0x10 src/main.o
 .debug_macro   0x00000000      0x166 src/main.o
 .debug_macro   0x00000000       0x16 src/main.o
 .group         0x00000000        0x8 src/misc/circular_buff.o
 .group         0x00000000        0x8 src/misc/circular_buff.o
 .group         0x00000000        0x8 src/misc/circular_buff.o
 .data          0x00000000        0x0 src/misc/circular_buff.o
 .bss           0x00000000        0x0 src/misc/circular_buff.o
 .debug_macro   0x00000000      0xa54 src/misc/circular_buff.o
 .debug_macro   0x00000000      0x1c9 src/misc/circular_buff.o
 .group         0x00000000        0x8 src/motors/motors.o
 .group         0x00000000        0x8 src/motors/motors.o
 .group         0x00000000        0x8 src/motors/motors.o
 .group         0x00000000        0x8 src/motors/motors.o
 .group         0x00000000        0x8 src/motors/motors.o
 .group         0x00000000        0x8 src/motors/motors.o
 .group         0x00000000        0x8 src/motors/motors.o
 .group         0x00000000        0x8 src/motors/motors.o
 .group         0x00000000        0x8 src/motors/motors.o
 .group         0x00000000        0x8 src/motors/motors.o
 .group         0x00000000        0x8 src/motors/motors.o
 .group         0x00000000        0x8 src/motors/motors.o
 .data          0x00000000        0x0 src/motors/motors.o
 .bss           0x00000000        0x0 src/motors/motors.o
 .debug_macro   0x00000000      0xa54 src/motors/motors.o
 .debug_macro   0x00000000      0x1c9 src/motors/motors.o
 .debug_macro   0x00000000       0x10 src/motors/motors.o
 .debug_macro   0x00000000      0x302 src/motors/motors.o
 .debug_macro   0x00000000       0x9e src/motors/motors.o
 .debug_macro   0x00000000     0x1410 src/motors/motors.o
 .debug_macro   0x00000000      0x13a src/motors/motors.o
 .debug_macro   0x00000000       0xbd src/motors/motors.o
 .debug_macro   0x00000000       0x34 src/motors/motors.o
 .debug_macro   0x00000000       0x18 src/motors/motors.o
 .debug_macro   0x00000000       0x6c src/motors/motors.o
 .debug_macro   0x00000000       0x22 src/motors/motors.o
 .group         0x00000000        0x8 src/uart/uart.o
 .group         0x00000000        0x8 src/uart/uart.o
 .group         0x00000000        0x8 src/uart/uart.o
 .group         0x00000000        0x8 src/uart/uart.o
 .group         0x00000000        0x8 src/uart/uart.o
 .group         0x00000000        0x8 src/uart/uart.o
 .group         0x00000000        0x8 src/uart/uart.o
 .group         0x00000000        0x8 src/uart/uart.o
 .group         0x00000000        0x8 src/uart/uart.o
 .group         0x00000000        0x8 src/uart/uart.o
 .group         0x00000000        0x8 src/uart/uart.o
 .group         0x00000000        0x8 src/uart/uart.o
 .group         0x00000000        0x8 src/uart/uart.o
 .group         0x00000000        0x8 src/uart/uart.o
 .group         0x00000000        0x8 src/uart/uart.o
 .group         0x00000000        0x8 src/uart/uart.o
 .data          0x00000000        0x0 src/uart/uart.o
 .bss           0x00000000        0x0 src/uart/uart.o
 .debug_macro   0x00000000      0xa54 src/uart/uart.o
 .debug_macro   0x00000000      0x1c9 src/uart/uart.o
 .debug_macro   0x00000000       0x10 src/uart/uart.o
 .debug_macro   0x00000000      0x302 src/uart/uart.o
 .debug_macro   0x00000000       0x9e src/uart/uart.o
 .debug_macro   0x00000000     0x1410 src/uart/uart.o
 .debug_macro   0x00000000      0x13a src/uart/uart.o
 .debug_macro   0x00000000       0xbd src/uart/uart.o
 .debug_macro   0x00000000       0x34 src/uart/uart.o
 .debug_macro   0x00000000       0x18 src/uart/uart.o
 .debug_macro   0x00000000       0x6c src/uart/uart.o
 .debug_macro   0x00000000       0x69 src/uart/uart.o
 .debug_macro   0x00000000       0x10 src/uart/uart.o
 .debug_macro   0x00000000       0x16 src/uart/uart.o
 .debug_macro   0x00000000       0x10 src/uart/uart.o
 .debug_macro   0x00000000      0x166 src/uart/uart.o
 .text          0x00000000        0x0 d:/programs/atmel studio/7.0/toolchain/avr8/avr8-gnu-toolchain/bin/../lib/gcc/avr/5.4.0/../../../../avr/lib/avr5\libm.a(addsf3.o)
 .data          0x00000000        0x0 d:/programs/atmel studio/7.0/toolchain/avr8/avr8-gnu-toolchain/bin/../lib/gcc/avr/5.4.0/../../../../avr/lib/avr5\libm.a(addsf3.o)
 .bss           0x00000000        0x0 d:/programs/atmel studio/7.0/toolchain/avr8/avr8-gnu-toolchain/bin/../lib/gcc/avr/5.4.0/../../../../avr/lib/avr5\libm.a(addsf3.o)
 .text          0x00000000        0x0 d:/programs/atmel studio/7.0/toolchain/avr8/avr8-gnu-toolchain/bin/../lib/gcc/avr/5.4.0/../../../../avr/lib/avr5\libm.a(addsf3x.o)
 .data          0x00000000        0x0 d:/programs/atmel studio/7.0/toolchain/avr8/avr8-gnu-toolchain/bin/../lib/gcc/avr/5.4.0/../../../../avr/lib/avr5\libm.a(addsf3x.o)
 .bss           0x00000000        0x0 d:/programs/atmel studio/7.0/toolchain/avr8/avr8-gnu-toolchain/bin/../lib/gcc/avr/5.4.0/../../../../avr/lib/avr5\libm.a(addsf3x.o)
 .text          0x00000000        0x0 d:/programs/atmel studio/7.0/toolchain/avr8/avr8-gnu-toolchain/bin/../lib/gcc/avr/5.4.0/../../../../avr/lib/avr5\libm.a(cmpsf2.o)
 .data          0x00000000        0x0 d:/programs/atmel studio/7.0/toolchain/avr8/avr8-gnu-toolchain/bin/../lib/gcc/avr/5.4.0/../../../../avr/lib/avr5\libm.a(cmpsf2.o)
 .bss           0x00000000        0x0 d:/programs/atmel studio/7.0/toolchain/avr8/avr8-gnu-toolchain/bin/../lib/gcc/avr/5.4.0/../../../../avr/lib/avr5\libm.a(cmpsf2.o)
 .text          0x00000000        0x0 d:/programs/atmel studio/7.0/toolchain/avr8/avr8-gnu-toolchain/bin/../lib/gcc/avr/5.4.0/../../../../avr/lib/avr5\libm.a(divsf3.o)
 .data          0x00000000        0x0 d:/programs/atmel studio/7.0/toolchain/avr8/avr8-gnu-toolchain/bin/../lib/gcc/avr/5.4.0/../../../../avr/lib/avr5\libm.a(divsf3.o)
 .bss           0x00000000        0x0 d:/programs/atmel studio/7.0/toolchain/avr8/avr8-gnu-toolchain/bin/../lib/gcc/avr/5.4.0/../../../../avr/lib/avr5\libm.a(divsf3.o)
 .text          0x00000000        0x0 d:/programs/atmel studio/7.0/toolchain/avr8/avr8-gnu-toolchain/bin/../lib/gcc/avr/5.4.0/../../../../avr/lib/avr5\libm.a(divsf3x.o)
 .data          0x00000000        0x0 d:/programs/atmel studio/7.0/toolchain/avr8/avr8-gnu-toolchain/bin/../lib/gcc/avr/5.4.0/../../../../avr/lib/avr5\libm.a(divsf3x.o)
 .bss           0x00000000        0x0 d:/programs/atmel studio/7.0/toolchain/avr8/avr8-gnu-toolchain/bin/../lib/gcc/avr/5.4.0/../../../../avr/lib/avr5\libm.a(divsf3x.o)
 .text          0x00000000        0x0 d:/programs/atmel studio/7.0/toolchain/avr8/avr8-gnu-toolchain/bin/../lib/gcc/avr/5.4.0/../../../../avr/lib/avr5\libm.a(fixsfsi.o)
 .data          0x00000000        0x0 d:/programs/atmel studio/7.0/toolchain/avr8/avr8-gnu-toolchain/bin/../lib/gcc/avr/5.4.0/../../../../avr/lib/avr5\libm.a(fixsfsi.o)
 .bss           0x00000000        0x0 d:/programs/atmel studio/7.0/toolchain/avr8/avr8-gnu-toolchain/bin/../lib/gcc/avr/5.4.0/../../../../avr/lib/avr5\libm.a(fixsfsi.o)
 .text          0x00000000        0x0 d:/programs/atmel studio/7.0/toolchain/avr8/avr8-gnu-toolchain/bin/../lib/gcc/avr/5.4.0/../../../../avr/lib/avr5\libm.a(fixunssfsi.o)
 .data          0x00000000        0x0 d:/programs/atmel studio/7.0/toolchain/avr8/avr8-gnu-toolchain/bin/../lib/gcc/avr/5.4.0/../../../../avr/lib/avr5\libm.a(fixunssfsi.o)
 .bss           0x00000000        0x0 d:/programs/atmel studio/7.0/toolchain/avr8/avr8-gnu-toolchain/bin/../lib/gcc/avr/5.4.0/../../../../avr/lib/avr5\libm.a(fixunssfsi.o)
 .text          0x00000000        0x0 d:/programs/atmel studio/7.0/toolchain/avr8/avr8-gnu-toolchain/bin/../lib/gcc/avr/5.4.0/../../../../avr/lib/avr5\libm.a(floatsisf.o)
 .data          0x00000000        0x0 d:/programs/atmel studio/7.0/toolchain/avr8/avr8-gnu-toolchain/bin/../lib/gcc/avr/5.4.0/../../../../avr/lib/avr5\libm.a(floatsisf.o)
 .bss           0x00000000        0x0 d:/programs/atmel studio/7.0/toolchain/avr8/avr8-gnu-toolchain/bin/../lib/gcc/avr/5.4.0/../../../../avr/lib/avr5\libm.a(floatsisf.o)
 .text          0x00000000        0x0 d:/programs/atmel studio/7.0/toolchain/avr8/avr8-gnu-toolchain/bin/../lib/gcc/avr/5.4.0/../../../../avr/lib/avr5\libm.a(floor.o)
 .data          0x00000000        0x0 d:/programs/atmel studio/7.0/toolchain/avr8/avr8-gnu-toolchain/bin/../lib/gcc/avr/5.4.0/../../../../avr/lib/avr5\libm.a(floor.o)
 .bss           0x00000000        0x0 d:/programs/atmel studio/7.0/toolchain/avr8/avr8-gnu-toolchain/bin/../lib/gcc/avr/5.4.0/../../../../avr/lib/avr5\libm.a(floor.o)
 .text          0x00000000        0x0 d:/programs/atmel studio/7.0/toolchain/avr8/avr8-gnu-toolchain/bin/../lib/gcc/avr/5.4.0/../../../../avr/lib/avr5\libm.a(fp_cmp.o)
 .data          0x00000000        0x0 d:/programs/atmel studio/7.0/toolchain/avr8/avr8-gnu-toolchain/bin/../lib/gcc/avr/5.4.0/../../../../avr/lib/avr5\libm.a(fp_cmp.o)
 .bss           0x00000000        0x0 d:/programs/atmel studio/7.0/toolchain/avr8/avr8-gnu-toolchain/bin/../lib/gcc/avr/5.4.0/../../../../avr/lib/avr5\libm.a(fp_cmp.o)
 .text          0x00000000        0x0 d:/programs/atmel studio/7.0/toolchain/avr8/avr8-gnu-toolchain/bin/../lib/gcc/avr/5.4.0/../../../../avr/lib/avr5\libm.a(fp_inf.o)
 .data          0x00000000        0x0 d:/programs/atmel studio/7.0/toolchain/avr8/avr8-gnu-toolchain/bin/../lib/gcc/avr/5.4.0/../../../../avr/lib/avr5\libm.a(fp_inf.o)
 .bss           0x00000000        0x0 d:/programs/atmel studio/7.0/toolchain/avr8/avr8-gnu-toolchain/bin/../lib/gcc/avr/5.4.0/../../../../avr/lib/avr5\libm.a(fp_inf.o)
 .text          0x00000000        0x0 d:/programs/atmel studio/7.0/toolchain/avr8/avr8-gnu-toolchain/bin/../lib/gcc/avr/5.4.0/../../../../avr/lib/avr5\libm.a(fp_mintl.o)
 .data          0x00000000        0x0 d:/programs/atmel studio/7.0/toolchain/avr8/avr8-gnu-toolchain/bin/../lib/gcc/avr/5.4.0/../../../../avr/lib/avr5\libm.a(fp_mintl.o)
 .bss           0x00000000        0x0 d:/programs/atmel studio/7.0/toolchain/avr8/avr8-gnu-toolchain/bin/../lib/gcc/avr/5.4.0/../../../../avr/lib/avr5\libm.a(fp_mintl.o)
 .text          0x00000000        0x0 d:/programs/atmel studio/7.0/toolchain/avr8/avr8-gnu-toolchain/bin/../lib/gcc/avr/5.4.0/../../../../avr/lib/avr5\libm.a(fp_mpack.o)
 .data          0x00000000        0x0 d:/programs/atmel studio/7.0/toolchain/avr8/avr8-gnu-toolchain/bin/../lib/gcc/avr/5.4.0/../../../../avr/lib/avr5\libm.a(fp_mpack.o)
 .bss           0x00000000        0x0 d:/programs/atmel studio/7.0/toolchain/avr8/avr8-gnu-toolchain/bin/../lib/gcc/avr/5.4.0/../../../../avr/lib/avr5\libm.a(fp_mpack.o)
 .text          0x00000000        0x0 d:/programs/atmel studio/7.0/toolchain/avr8/avr8-gnu-toolchain/bin/../lib/gcc/avr/5.4.0/../../../../avr/lib/avr5\libm.a(fp_nan.o)
 .data          0x00000000        0x0 d:/programs/atmel studio/7.0/toolchain/avr8/avr8-gnu-toolchain/bin/../lib/gcc/avr/5.4.0/../../../../avr/lib/avr5\libm.a(fp_nan.o)
 .bss           0x00000000        0x0 d:/programs/atmel studio/7.0/toolchain/avr8/avr8-gnu-toolchain/bin/../lib/gcc/avr/5.4.0/../../../../avr/lib/avr5\libm.a(fp_nan.o)
 .text          0x00000000        0x0 d:/programs/atmel studio/7.0/toolchain/avr8/avr8-gnu-toolchain/bin/../lib/gcc/avr/5.4.0/../../../../avr/lib/avr5\libm.a(fp_pscA.o)
 .data          0x00000000        0x0 d:/programs/atmel studio/7.0/toolchain/avr8/avr8-gnu-toolchain/bin/../lib/gcc/avr/5.4.0/../../../../avr/lib/avr5\libm.a(fp_pscA.o)
 .bss           0x00000000        0x0 d:/programs/atmel studio/7.0/toolchain/avr8/avr8-gnu-toolchain/bin/../lib/gcc/avr/5.4.0/../../../../avr/lib/avr5\libm.a(fp_pscA.o)
 .text          0x00000000        0x0 d:/programs/atmel studio/7.0/toolchain/avr8/avr8-gnu-toolchain/bin/../lib/gcc/avr/5.4.0/../../../../avr/lib/avr5\libm.a(fp_pscB.o)
 .data          0x00000000        0x0 d:/programs/atmel studio/7.0/toolchain/avr8/avr8-gnu-toolchain/bin/../lib/gcc/avr/5.4.0/../../../../avr/lib/avr5\libm.a(fp_pscB.o)
 .bss           0x00000000        0x0 d:/programs/atmel studio/7.0/toolchain/avr8/avr8-gnu-toolchain/bin/../lib/gcc/avr/5.4.0/../../../../avr/lib/avr5\libm.a(fp_pscB.o)
 .text          0x00000000        0x0 d:/programs/atmel studio/7.0/toolchain/avr8/avr8-gnu-toolchain/bin/../lib/gcc/avr/5.4.0/../../../../avr/lib/avr5\libm.a(fp_round.o)
 .data          0x00000000        0x0 d:/programs/atmel studio/7.0/toolchain/avr8/avr8-gnu-toolchain/bin/../lib/gcc/avr/5.4.0/../../../../avr/lib/avr5\libm.a(fp_round.o)
 .bss           0x00000000        0x0 d:/programs/atmel studio/7.0/toolchain/avr8/avr8-gnu-toolchain/bin/../lib/gcc/avr/5.4.0/../../../../avr/lib/avr5\libm.a(fp_round.o)
 .text          0x00000000        0x0 d:/programs/atmel studio/7.0/toolchain/avr8/avr8-gnu-toolchain/bin/../lib/gcc/avr/5.4.0/../../../../avr/lib/avr5\libm.a(fp_split3.o)
 .data          0x00000000        0x0 d:/programs/atmel studio/7.0/toolchain/avr8/avr8-gnu-toolchain/bin/../lib/gcc/avr/5.4.0/../../../../avr/lib/avr5\libm.a(fp_split3.o)
 .bss           0x00000000        0x0 d:/programs/atmel studio/7.0/toolchain/avr8/avr8-gnu-toolchain/bin/../lib/gcc/avr/5.4.0/../../../../avr/lib/avr5\libm.a(fp_split3.o)
 .text          0x00000000        0x0 d:/programs/atmel studio/7.0/toolchain/avr8/avr8-gnu-toolchain/bin/../lib/gcc/avr/5.4.0/../../../../avr/lib/avr5\libm.a(fp_trunc.o)
 .data          0x00000000        0x0 d:/programs/atmel studio/7.0/toolchain/avr8/avr8-gnu-toolchain/bin/../lib/gcc/avr/5.4.0/../../../../avr/lib/avr5\libm.a(fp_trunc.o)
 .bss           0x00000000        0x0 d:/programs/atmel studio/7.0/toolchain/avr8/avr8-gnu-toolchain/bin/../lib/gcc/avr/5.4.0/../../../../avr/lib/avr5\libm.a(fp_trunc.o)
 .text          0x00000000        0x0 d:/programs/atmel studio/7.0/toolchain/avr8/avr8-gnu-toolchain/bin/../lib/gcc/avr/5.4.0/../../../../avr/lib/avr5\libm.a(fp_zero.o)
 .data          0x00000000        0x0 d:/programs/atmel studio/7.0/toolchain/avr8/avr8-gnu-toolchain/bin/../lib/gcc/avr/5.4.0/../../../../avr/lib/avr5\libm.a(fp_zero.o)
 .bss           0x00000000        0x0 d:/programs/atmel studio/7.0/toolchain/avr8/avr8-gnu-toolchain/bin/../lib/gcc/avr/5.4.0/../../../../avr/lib/avr5\libm.a(fp_zero.o)
 .text          0x00000000        0x0 d:/programs/atmel studio/7.0/toolchain/avr8/avr8-gnu-toolchain/bin/../lib/gcc/avr/5.4.0/../../../../avr/lib/avr5\libm.a(gesf2.o)
 .data          0x00000000        0x0 d:/programs/atmel studio/7.0/toolchain/avr8/avr8-gnu-toolchain/bin/../lib/gcc/avr/5.4.0/../../../../avr/lib/avr5\libm.a(gesf2.o)
 .bss           0x00000000        0x0 d:/programs/atmel studio/7.0/toolchain/avr8/avr8-gnu-toolchain/bin/../lib/gcc/avr/5.4.0/../../../../avr/lib/avr5\libm.a(gesf2.o)
 .text          0x00000000        0x0 d:/programs/atmel studio/7.0/toolchain/avr8/avr8-gnu-toolchain/bin/../lib/gcc/avr/5.4.0/../../../../avr/lib/avr5\libm.a(mulsf3.o)
 .data          0x00000000        0x0 d:/programs/atmel studio/7.0/toolchain/avr8/avr8-gnu-toolchain/bin/../lib/gcc/avr/5.4.0/../../../../avr/lib/avr5\libm.a(mulsf3.o)
 .bss           0x00000000        0x0 d:/programs/atmel studio/7.0/toolchain/avr8/avr8-gnu-toolchain/bin/../lib/gcc/avr/5.4.0/../../../../avr/lib/avr5\libm.a(mulsf3.o)
 .text          0x00000000        0x0 d:/programs/atmel studio/7.0/toolchain/avr8/avr8-gnu-toolchain/bin/../lib/gcc/avr/5.4.0/../../../../avr/lib/avr5\libm.a(mulsf3x.o)
 .data          0x00000000        0x0 d:/programs/atmel studio/7.0/toolchain/avr8/avr8-gnu-toolchain/bin/../lib/gcc/avr/5.4.0/../../../../avr/lib/avr5\libm.a(mulsf3x.o)
 .bss           0x00000000        0x0 d:/programs/atmel studio/7.0/toolchain/avr8/avr8-gnu-toolchain/bin/../lib/gcc/avr/5.4.0/../../../../avr/lib/avr5\libm.a(mulsf3x.o)
 .text          0x00000000        0x0 d:/programs/atmel studio/7.0/toolchain/avr8/avr8-gnu-toolchain/bin/../lib/gcc/avr/5.4.0/avr5\libgcc.a(_divmodhi4.o)
 .data          0x00000000        0x0 d:/programs/atmel studio/7.0/toolchain/avr8/avr8-gnu-toolchain/bin/../lib/gcc/avr/5.4.0/avr5\libgcc.a(_divmodhi4.o)
 .bss           0x00000000        0x0 d:/programs/atmel studio/7.0/toolchain/avr8/avr8-gnu-toolchain/bin/../lib/gcc/avr/5.4.0/avr5\libgcc.a(_divmodhi4.o)
 .text.libgcc.mul
                0x00000000        0x0 d:/programs/atmel studio/7.0/toolchain/avr8/avr8-gnu-toolchain/bin/../lib/gcc/avr/5.4.0/avr5\libgcc.a(_divmodhi4.o)
 .text.libgcc   0x00000000        0x0 d:/programs/atmel studio/7.0/toolchain/avr8/avr8-gnu-toolchain/bin/../lib/gcc/avr/5.4.0/avr5\libgcc.a(_divmodhi4.o)
 .text.libgcc.prologue
                0x00000000        0x0 d:/programs/atmel studio/7.0/toolchain/avr8/avr8-gnu-toolchain/bin/../lib/gcc/avr/5.4.0/avr5\libgcc.a(_divmodhi4.o)
 .text.libgcc.builtins
                0x00000000        0x0 d:/programs/atmel studio/7.0/toolchain/avr8/avr8-gnu-toolchain/bin/../lib/gcc/avr/5.4.0/avr5\libgcc.a(_divmodhi4.o)
 .text.libgcc.fmul
                0x00000000        0x0 d:/programs/atmel studio/7.0/toolchain/avr8/avr8-gnu-toolchain/bin/../lib/gcc/avr/5.4.0/avr5\libgcc.a(_divmodhi4.o)
 .text.libgcc.fixed
                0x00000000        0x0 d:/programs/atmel studio/7.0/toolchain/avr8/avr8-gnu-toolchain/bin/../lib/gcc/avr/5.4.0/avr5\libgcc.a(_divmodhi4.o)
 .text          0x00000000        0x0 d:/programs/atmel studio/7.0/toolchain/avr8/avr8-gnu-toolchain/bin/../lib/gcc/avr/5.4.0/avr5\libgcc.a(_exit.o)
 .data          0x00000000        0x0 d:/programs/atmel studio/7.0/toolchain/avr8/avr8-gnu-toolchain/bin/../lib/gcc/avr/5.4.0/avr5\libgcc.a(_exit.o)
 .bss           0x00000000        0x0 d:/programs/atmel studio/7.0/toolchain/avr8/avr8-gnu-toolchain/bin/../lib/gcc/avr/5.4.0/avr5\libgcc.a(_exit.o)
 .text.libgcc.mul
                0x00000000        0x0 d:/programs/atmel studio/7.0/toolchain/avr8/avr8-gnu-toolchain/bin/../lib/gcc/avr/5.4.0/avr5\libgcc.a(_exit.o)
 .text.libgcc.div
                0x00000000        0x0 d:/programs/atmel studio/7.0/toolchain/avr8/avr8-gnu-toolchain/bin/../lib/gcc/avr/5.4.0/avr5\libgcc.a(_exit.o)
 .text.libgcc   0x00000000        0x0 d:/programs/atmel studio/7.0/toolchain/avr8/avr8-gnu-toolchain/bin/../lib/gcc/avr/5.4.0/avr5\libgcc.a(_exit.o)
 .text.libgcc.prologue
                0x00000000        0x0 d:/programs/atmel studio/7.0/toolchain/avr8/avr8-gnu-toolchain/bin/../lib/gcc/avr/5.4.0/avr5\libgcc.a(_exit.o)
 .text.libgcc.builtins
                0x00000000        0x0 d:/programs/atmel studio/7.0/toolchain/avr8/avr8-gnu-toolchain/bin/../lib/gcc/avr/5.4.0/avr5\libgcc.a(_exit.o)
 .text.libgcc.fmul
                0x00000000        0x0 d:/programs/atmel studio/7.0/toolchain/avr8/avr8-gnu-toolchain/bin/../lib/gcc/avr/5.4.0/avr5\libgcc.a(_exit.o)
 .text.libgcc.fixed
                0x00000000        0x0 d:/programs/atmel studio/7.0/toolchain/avr8/avr8-gnu-toolchain/bin/../lib/gcc/avr/5.4.0/avr5\libgcc.a(_exit.o)
 .text          0x00000000        0x0 d:/programs/atmel studio/7.0/toolchain/avr8/avr8-gnu-toolchain/bin/../lib/gcc/avr/5.4.0/avr5\libgcc.a(_copy_data.o)
 .data          0x00000000        0x0 d:/programs/atmel studio/7.0/toolchain/avr8/avr8-gnu-toolchain/bin/../lib/gcc/avr/5.4.0/avr5\libgcc.a(_copy_data.o)
 .bss           0x00000000        0x0 d:/programs/atmel studio/7.0/toolchain/avr8/avr8-gnu-toolchain/bin/../lib/gcc/avr/5.4.0/avr5\libgcc.a(_copy_data.o)
 .text.libgcc.mul
                0x00000000        0x0 d:/programs/atmel studio/7.0/toolchain/avr8/avr8-gnu-toolchain/bin/../lib/gcc/avr/5.4.0/avr5\libgcc.a(_copy_data.o)
 .text.libgcc.div
                0x00000000        0x0 d:/programs/atmel studio/7.0/toolchain/avr8/avr8-gnu-toolchain/bin/../lib/gcc/avr/5.4.0/avr5\libgcc.a(_copy_data.o)
 .text.libgcc   0x00000000        0x0 d:/programs/atmel studio/7.0/toolchain/avr8/avr8-gnu-toolchain/bin/../lib/gcc/avr/5.4.0/avr5\libgcc.a(_copy_data.o)
 .text.libgcc.prologue
                0x00000000        0x0 d:/programs/atmel studio/7.0/toolchain/avr8/avr8-gnu-toolchain/bin/../lib/gcc/avr/5.4.0/avr5\libgcc.a(_copy_data.o)
 .text.libgcc.builtins
                0x00000000        0x0 d:/programs/atmel studio/7.0/toolchain/avr8/avr8-gnu-toolchain/bin/../lib/gcc/avr/5.4.0/avr5\libgcc.a(_copy_data.o)
 .text.libgcc.fmul
                0x00000000        0x0 d:/programs/atmel studio/7.0/toolchain/avr8/avr8-gnu-toolchain/bin/../lib/gcc/avr/5.4.0/avr5\libgcc.a(_copy_data.o)
 .text.libgcc.fixed
                0x00000000        0x0 d:/programs/atmel studio/7.0/toolchain/avr8/avr8-gnu-toolchain/bin/../lib/gcc/avr/5.4.0/avr5\libgcc.a(_copy_data.o)
 .text          0x00000000        0x0 d:/programs/atmel studio/7.0/toolchain/avr8/avr8-gnu-toolchain/bin/../lib/gcc/avr/5.4.0/avr5\libgcc.a(_clear_bss.o)
 .data          0x00000000        0x0 d:/programs/atmel studio/7.0/toolchain/avr8/avr8-gnu-toolchain/bin/../lib/gcc/avr/5.4.0/avr5\libgcc.a(_clear_bss.o)
 .bss           0x00000000        0x0 d:/programs/atmel studio/7.0/toolchain/avr8/avr8-gnu-toolchain/bin/../lib/gcc/avr/5.4.0/avr5\libgcc.a(_clear_bss.o)
 .text.libgcc.mul
                0x00000000        0x0 d:/programs/atmel studio/7.0/toolchain/avr8/avr8-gnu-toolchain/bin/../lib/gcc/avr/5.4.0/avr5\libgcc.a(_clear_bss.o)
 .text.libgcc.div
                0x00000000        0x0 d:/programs/atmel studio/7.0/toolchain/avr8/avr8-gnu-toolchain/bin/../lib/gcc/avr/5.4.0/avr5\libgcc.a(_clear_bss.o)
 .text.libgcc   0x00000000        0x0 d:/programs/atmel studio/7.0/toolchain/avr8/avr8-gnu-toolchain/bin/../lib/gcc/avr/5.4.0/avr5\libgcc.a(_clear_bss.o)
 .text.libgcc.prologue
                0x00000000        0x0 d:/programs/atmel studio/7.0/toolchain/avr8/avr8-gnu-toolchain/bin/../lib/gcc/avr/5.4.0/avr5\libgcc.a(_clear_bss.o)
 .text.libgcc.builtins
                0x00000000        0x0 d:/programs/atmel studio/7.0/toolchain/avr8/avr8-gnu-toolchain/bin/../lib/gcc/avr/5.4.0/avr5\libgcc.a(_clear_bss.o)
 .text.libgcc.fmul
                0x00000000        0x0 d:/programs/atmel studio/7.0/toolchain/avr8/avr8-gnu-toolchain/bin/../lib/gcc/avr/5.4.0/avr5\libgcc.a(_clear_bss.o)
 .text.libgcc.fixed
                0x00000000        0x0 d:/programs/atmel studio/7.0/toolchain/avr8/avr8-gnu-toolchain/bin/../lib/gcc/avr/5.4.0/avr5\libgcc.a(_clear_bss.o)
 .text          0x00000000        0x0 d:/programs/atmel studio/7.0/toolchain/avr8/avr8-gnu-toolchain/bin/../lib/gcc/avr/5.4.0/avr5\libgcc.a(_udivmodhi4.o)
 .data          0x00000000        0x0 d:/programs/atmel studio/7.0/toolchain/avr8/avr8-gnu-toolchain/bin/../lib/gcc/avr/5.4.0/avr5\libgcc.a(_udivmodhi4.o)
 .bss           0x00000000        0x0 d:/programs/atmel studio/7.0/toolchain/avr8/avr8-gnu-toolchain/bin/../lib/gcc/avr/5.4.0/avr5\libgcc.a(_udivmodhi4.o)
 .text.libgcc.mul
                0x00000000        0x0 d:/programs/atmel studio/7.0/toolchain/avr8/avr8-gnu-toolchain/bin/../lib/gcc/avr/5.4.0/avr5\libgcc.a(_udivmodhi4.o)
 .text.libgcc   0x00000000        0x0 d:/programs/atmel studio/7.0/toolchain/avr8/avr8-gnu-toolchain/bin/../lib/gcc/avr/5.4.0/avr5\libgcc.a(_udivmodhi4.o)
 .text.libgcc.prologue
                0x00000000        0x0 d:/programs/atmel studio/7.0/toolchain/avr8/avr8-gnu-toolchain/bin/../lib/gcc/avr/5.4.0/avr5\libgcc.a(_udivmodhi4.o)
 .text.libgcc.builtins
                0x00000000        0x0 d:/programs/atmel studio/7.0/toolchain/avr8/avr8-gnu-toolchain/bin/../lib/gcc/avr/5.4.0/avr5\libgcc.a(_udivmodhi4.o)
 .text.libgcc.fmul
                0x00000000        0x0 d:/programs/atmel studio/7.0/toolchain/avr8/avr8-gnu-toolchain/bin/../lib/gcc/avr/5.4.0/avr5\libgcc.a(_udivmodhi4.o)
 .text.libgcc.fixed
                0x00000000        0x0 d:/programs/atmel studio/7.0/toolchain/avr8/avr8-gnu-toolchain/bin/../lib/gcc/avr/5.4.0/avr5\libgcc.a(_udivmodhi4.o)

Memory Configuration

Name             Origin             Length             Attributes
text             0x00000000         0x00020000         xr
data             0x00800060         0x0000ffa0         rw !x
eeprom           0x00810000         0x00010000         rw !x
fuse             0x00820000         0x00000003         rw !x
lock             0x00830000         0x00000400         rw !x
signature        0x00840000         0x00000400         rw !x
user_signatures  0x00850000         0x00000400         rw !x
*default*        0x00000000         0xffffffff

Linker script and memory map

Address of section .data set to 0x800100
LOAD D:/Programs/Atmel Studio/7.0/Packs/atmel/ATmega_DFP/1.2.209/gcc/dev/atmega328p/avr5/crtatmega328p.o
LOAD src/BNO055/BNO055.o
LOAD src/console/console.o
LOAD src/control_system/control_system.o
LOAD src/EEPROM/eeprom.o
LOAD src/i2c/i2c.o
LOAD src/indicator/indicator.o
LOAD src/main.o
LOAD src/misc/circular_buff.o
LOAD src/motors/motors.o
LOAD src/uart/uart.o
START GROUP
LOAD d:/programs/atmel studio/7.0/toolchain/avr8/avr8-gnu-toolchain/bin/../lib/gcc/avr/5.4.0/../../../../avr/lib/avr5\libm.a
END GROUP
START GROUP
LOAD d:/programs/atmel studio/7.0/toolchain/avr8/avr8-gnu-toolchain/bin/../lib/gcc/avr/5.4.0/avr5\libgcc.a
LOAD d:/programs/atmel studio/7.0/toolchain/avr8/avr8-gnu-toolchain/bin/../lib/gcc/avr/5.4.0/../../../../avr/lib/avr5\libm.a
LOAD d:/programs/atmel studio/7.0/toolchain/avr8/avr8-gnu-toolchain/bin/../lib/gcc/avr/5.4.0/../../../../avr/lib/avr5\libc.a
LOAD D:/Programs/Atmel Studio/7.0/Packs/atmel/ATmega_DFP/1.2.209/gcc/dev/atmega328p/avr5\libatmega328p.a
END GROUP
                0x00020000                __TEXT_REGION_LENGTH__ = DEFINED (__TEXT_REGION_LENGTH__)?__TEXT_REGION_LENGTH__:0x20000
                0x0000ffa0                __DATA_REGION_LENGTH__ = DEFINED (__DATA_REGION_LENGTH__)?__DATA_REGION_LENGTH__:0xffa0
                0x00010000                __EEPROM_REGION_LENGTH__ = DEFINED (__EEPROM_REGION_LENGTH__)?__EEPROM_REGION_LENGTH__:0x10000
                [0x00000003]                __FUSE_REGION_LENGTH__ = DEFINED (__FUSE_REGION_LENGTH__)?__FUSE_REGION_LENGTH__:0x400
                0x00000400                __LOCK_REGION_LENGTH__ = DEFINED (__LOCK_REGION_LENGTH__)?__LOCK_REGION_LENGTH__:0x400
                0x00000400                __SIGNATURE_REGION_LENGTH__ = DEFINED (__SIGNATURE_REGION_LENGTH__)?__SIGNATURE_REGION_LENGTH__:0x400
                0x00000400                __USER_SIGNATURE_REGION_LENGTH__ = DEFINED (__USER_SIGNATURE_REGION_LENGTH__)?__USER_SIGNATURE_REGION_LENGTH__:0x400

.hash
 *(.hash)

.dynsym
 *(.dynsym)

.dynstr
 *(.dynstr)

.gnu.version
 *(.gnu.version)

.gnu.version_d
 *(.gnu.version_d)

.gnu.version_r
 *(.gnu.version_r)

.rel.init
 *(.rel.init)

.rela.init
 *(.rela.init)

.rel.text
 *(.rel.text)
 *(.rel.text.*)
 *(.rel.gnu.linkonce.t*)

.rela.text
 *(.rela.text)
 *(.rela.text.*)
 *(.rela.gnu.linkonce.t*)

.rel.fini
 *(.rel.fini)

.rela.fini
 *(.rela.fini)

.rel.rodata
 *(.rel.rodata)
 *(.rel.rodata.*)
 *(.rel.gnu.linkonce.r*)

.rela.rodata
 *(.rela.rodata)
 *(.rela.rodata.*)
 *(.rela.gnu.linkonce.r*)

.rel.data
 *(.rel.data)
 *(.rel.data.*)
 *(.rel.gnu.linkonce.d*)

.rela.data
 *(.rela.data)
 *(.rela.data.*)
 *(.rela.gnu.linkonce.d*)

.rel.ctors
 *(.rel.ctors)

.rela.ctors
 *(.rela.ctors)

.rel.dtors
 *(.rel.dtors)

.rela.dtors
 *(.rela.dtors)

.rel.got
 *(.rel.got)

.rela.got
 *(.rela.got)

.rel.bss
 *(.rel.bss)

.rela.bss
 *(.rela.bss)

.rel.plt
 *(.rel.plt)

.rela.plt
 *(.rela.plt)

.text           0x00000000     0x2340
 *(.vectors)
 .vectors       0x00000000       0x68 D:/Programs/Atmel Studio/7.0/Packs/atmel/ATmega_DFP/1.2.209/gcc/dev/atmega328p/avr5/crtatmega328p.o
                0x00000000                __vector_default
                0x00000000                __vectors
 *(.vectors)
 *(.progmem.gcc*)
                0x00000068                . = ALIGN (0x2)
                0x00000068                __trampolines_start = .
 *(.trampolines)
 .trampolines   0x00000068        0x0 linker stubs
 *(.trampolines*)
                0x00000068                __trampolines_end = .
 *libprintf_flt.a:*(.progmem.data)
 *libc.a:*(.progmem.data)
 *(.progmem*)
                0x00000068                . = ALIGN (0x2)
 *(.jumptables)
 *(.jumptables*)
 *(.lowtext)
 *(.lowtext*)
                0x00000068                __ctors_start = .
 *(.ctors)
                0x00000068                __ctors_end = .
                0x00000068                __dtors_start = .
 *(.dtors)
                0x00000068                __dtors_end = .
 SORT(*)(.ctors)
 SORT(*)(.dtors)
 *(.init0)
 .init0         0x00000068        0x0 D:/Programs/Atmel Studio/7.0/Packs/atmel/ATmega_DFP/1.2.209/gcc/dev/atmega328p/avr5/crtatmega328p.o
                0x00000068                __init
 *(.init0)
 *(.init1)
 *(.init1)
 *(.init2)
 .init2         0x00000068        0xc D:/Programs/Atmel Studio/7.0/Packs/atmel/ATmega_DFP/1.2.209/gcc/dev/atmega328p/avr5/crtatmega328p.o
 *(.init2)
 *(.init3)
 *(.init3)
 *(.init4)
 .init4         0x00000074       0x16 d:/programs/atmel studio/7.0/toolchain/avr8/avr8-gnu-toolchain/bin/../lib/gcc/avr/5.4.0/avr5\libgcc.a(_copy_data.o)
                0x00000074                __do_copy_data
 .init4         0x0000008a       0x10 d:/programs/atmel studio/7.0/toolchain/avr8/avr8-gnu-toolchain/bin/../lib/gcc/avr/5.4.0/avr5\libgcc.a(_clear_bss.o)
                0x0000008a                __do_clear_bss
 *(.init4)
 *(.init5)
 *(.init5)
 *(.init6)
 *(.init6)
 *(.init7)
 *(.init7)
 *(.init8)
 *(.init8)
 *(.init9)
 .init9         0x0000009a        0x8 D:/Programs/Atmel Studio/7.0/Packs/atmel/ATmega_DFP/1.2.209/gcc/dev/atmega328p/avr5/crtatmega328p.o
 *(.init9)
 *(.text)
 .text          0x000000a2        0x2 D:/Programs/Atmel Studio/7.0/Packs/atmel/ATmega_DFP/1.2.209/gcc/dev/atmega328p/avr5/crtatmega328p.o
                0x000000a2                __vector_22
                0x000000a2                __vector_1
                0x000000a2                __vector_12
                0x000000a2                __bad_interrupt
                0x000000a2                __vector_6
                0x000000a2                __vector_3
                0x000000a2                __vector_23
                0x000000a2                __vector_25
                0x000000a2                __vector_11
                0x000000a2                __vector_13
                0x000000a2                __vector_17
                0x000000a2                __vector_5
                0x000000a2                __vector_4
                0x000000a2                __vector_9
                0x000000a2                __vector_2
                0x000000a2                __vector_21
                0x000000a2                __vector_15
                0x000000a2                __vector_8
                0x000000a2                __vector_14
                0x000000a2                __vector_10
                0x000000a2                __vector_16
                0x000000a2                __vector_20
 .text          0x000000a4      0x8d8 src/BNO055/BNO055.o
                0x000000a4                BNO_start_reading
                0x00000118                BNO_angle
                0x000001fe                BNO_read_reg
                0x00000294                BNO_read_calib_levels
                0x00000306                BNO_read_print_cal
                0x00000364                BNO_write_reg
                0x000003ae                BNO_init
                0x00000454                BNO_print_calib_on_change
                0x0000054e                BNO_print_data
                0x00000688                _BNO_test_1
                0x000007da                _BNO_test_2
                0x0000084e                _BNO_test_3
                0x00000892                _BNO_test_4
                0x0000095c                _BNO_test_5
 .text          0x0000097c      0x58a src/console/console.o
                0x00000a74                CONS_init
                0x00000a7a                _handle_cmd
                0x00000c76                CONS_handle
                0x00000cc8                print
                0x00000e7c                _CONS_test_print
 .text          0x00000f06      0x742 src/control_system/control_system.o
                0x00000f06                CTRL_init
                0x00001008                CTRL_set_PID_terms
                0x0000103c                CTRL_set_PID_bp
                0x00001054                CTRL_set_PID_bi
                0x0000106c                CTRL_set_PID_bd
                0x00001084                CTRL_set_angle_off
                0x0000109c                CTRL_PID_start
                0x000010d4                CTRL_stop
                0x000010e8                CTRL_get_time
                0x000010fa                CTRL_get_time_elapsed
                0x00001148                CTRL_get_last_angle
                0x0000115a                CTRL_get_calib
                0x000011fa                CTRL_load_calib
                0x00001300                __vector_7
 .text          0x00001648       0xa6 src/EEPROM/eeprom.o
                0x00001648                EEPROM_read
                0x00001660                EEPROM_write
                0x0000167c                EEPROM_write_array
                0x000016b4                EEPROM_read_array
 .text          0x000016ee      0x2a6 src/i2c/i2c.o
                0x0000171a                __vector_24
                0x000018cc                I2C_init
                0x000018e6                I2C_available_tasks
                0x000018f0                _I2C_enqueue_task
 .text          0x00001994      0x140 src/indicator/indicator.o
                0x00001994                IND_set_mode
                0x00001a58                IND_iterate
 .text          0x00001ad4       0x8a src/misc/circular_buff.o
                0x00001ad4                circ_buff_init
                0x00001aea                circ_buff_put
                0x00001b20                circ_buff_get
 .text          0x00001b5e       0x48 src/motors/motors.o
                0x00001b5e                MOTOR_init
                0x00001b7e                MOTOR_A_speed
                0x00001b92                MOTOR_B_speed
 .text          0x00001ba6      0x136 src/uart/uart.o
                0x00001ba6                __vector_18
                0x00001bf4                __vector_19
                0x00001c56                UART_init
                0x00001c82                UART_write
                0x00001cb2                UART_write_str
                0x00001cc8                UART_read
                0x00001cd4                UART_available
                0x00001cdc                . = ALIGN (0x2)
 *(.text.*)
 .text.startup  0x00001cdc      0x136 src/main.o
                0x00001cdc                main
 .text.avr-libc.fplib
                0x00001e12        0xa d:/programs/atmel studio/7.0/toolchain/avr8/avr8-gnu-toolchain/bin/../lib/gcc/avr/5.4.0/../../../../avr/lib/avr5\libm.a(addsf3.o)
                0x00001e12                __subsf3
                0x00001e14                __addsf3
 .text.avr-libc.fplib
                0x00001e1c       0xc0 d:/programs/atmel studio/7.0/toolchain/avr8/avr8-gnu-toolchain/bin/../lib/gcc/avr/5.4.0/../../../../avr/lib/avr5\libm.a(addsf3x.o)
                0x00001e36                __addsf3x
 .text.avr-libc.fplib
                0x00001edc        0x8 d:/programs/atmel studio/7.0/toolchain/avr8/avr8-gnu-toolchain/bin/../lib/gcc/avr/5.4.0/../../../../avr/lib/avr5\libm.a(cmpsf2.o)
                0x00001edc                __nesf2
                0x00001edc                __eqsf2
                0x00001edc                __cmpsf2
                0x00001edc                __ltsf2
                0x00001edc                __lesf2
 .text.avr-libc.fplib
                0x00001ee4        0x4 d:/programs/atmel studio/7.0/toolchain/avr8/avr8-gnu-toolchain/bin/../lib/gcc/avr/5.4.0/../../../../avr/lib/avr5\libm.a(divsf3.o)
                0x00001ee4                __divsf3
 .text.avr-libc.fplib
                0x00001ee8       0xcc d:/programs/atmel studio/7.0/toolchain/avr8/avr8-gnu-toolchain/bin/../lib/gcc/avr/5.4.0/../../../../avr/lib/avr5\libm.a(divsf3x.o)
                0x00001efe                __divsf3x
                0x00001f02                __divsf3_pse
 .text.avr-libc.fplib
                0x00001fb4        0xa d:/programs/atmel studio/7.0/toolchain/avr8/avr8-gnu-toolchain/bin/../lib/gcc/avr/5.4.0/../../../../avr/lib/avr5\libm.a(fixsfsi.o)
                0x00001fb4                __fixsfsi
 .text.avr-libc.fplib
                0x00001fbe       0x58 d:/programs/atmel studio/7.0/toolchain/avr8/avr8-gnu-toolchain/bin/../lib/gcc/avr/5.4.0/../../../../avr/lib/avr5\libm.a(fixunssfsi.o)
                0x00001fbe                __fixunssfsi
 .text.avr-libc.fplib
                0x00002016       0x7a d:/programs/atmel studio/7.0/toolchain/avr8/avr8-gnu-toolchain/bin/../lib/gcc/avr/5.4.0/../../../../avr/lib/avr5\libm.a(floatsisf.o)
                0x00002016                __floatunsisf
                0x0000201a                __floatsisf
 .text.avr-libc.fplib
                0x00002090       0x26 d:/programs/atmel studio/7.0/toolchain/avr8/avr8-gnu-toolchain/bin/../lib/gcc/avr/5.4.0/../../../../avr/lib/avr5\libm.a(floor.o)
                0x00002090                floor
 .text.avr-libc.fplib
                0x000020b6       0x48 d:/programs/atmel studio/7.0/toolchain/avr8/avr8-gnu-toolchain/bin/../lib/gcc/avr/5.4.0/../../../../avr/lib/avr5\libm.a(fp_cmp.o)
                0x000020b6                __fp_cmp
 .text.avr-libc.fplib
                0x000020fe        0xc d:/programs/atmel studio/7.0/toolchain/avr8/avr8-gnu-toolchain/bin/../lib/gcc/avr/5.4.0/../../../../avr/lib/avr5\libm.a(fp_inf.o)
                0x000020fe                __fp_inf
 .text.avr-libc.fplib
                0x0000210a       0x36 d:/programs/atmel studio/7.0/toolchain/avr8/avr8-gnu-toolchain/bin/../lib/gcc/avr/5.4.0/../../../../avr/lib/avr5\libm.a(fp_mintl.o)
                0x0000210a                __fp_mintl
 .text.avr-libc.fplib
                0x00002140       0x1c d:/programs/atmel studio/7.0/toolchain/avr8/avr8-gnu-toolchain/bin/../lib/gcc/avr/5.4.0/../../../../avr/lib/avr5\libm.a(fp_mpack.o)
                0x00002140                __fp_mpack
                0x00002144                __fp_mpack_finite
 .text.avr-libc.fplib
                0x0000215c        0x6 d:/programs/atmel studio/7.0/toolchain/avr8/avr8-gnu-toolchain/bin/../lib/gcc/avr/5.4.0/../../../../avr/lib/avr5\libm.a(fp_nan.o)
                0x0000215c                __fp_nan
 .text.avr-libc.fplib
                0x00002162        0xe d:/programs/atmel studio/7.0/toolchain/avr8/avr8-gnu-toolchain/bin/../lib/gcc/avr/5.4.0/../../../../avr/lib/avr5\libm.a(fp_pscA.o)
                0x00002162                __fp_pscA
 .text.avr-libc.fplib
                0x00002170        0xe d:/programs/atmel studio/7.0/toolchain/avr8/avr8-gnu-toolchain/bin/../lib/gcc/avr/5.4.0/../../../../avr/lib/avr5\libm.a(fp_pscB.o)
                0x00002170                __fp_pscB
 .text.avr-libc.fplib
                0x0000217e       0x22 d:/programs/atmel studio/7.0/toolchain/avr8/avr8-gnu-toolchain/bin/../lib/gcc/avr/5.4.0/../../../../avr/lib/avr5\libm.a(fp_round.o)
                0x0000217e                __fp_round
 .text.avr-libc.fplib
                0x000021a0       0x44 d:/programs/atmel studio/7.0/toolchain/avr8/avr8-gnu-toolchain/bin/../lib/gcc/avr/5.4.0/../../../../avr/lib/avr5\libm.a(fp_split3.o)
                0x000021a0                __fp_split3
                0x000021b0                __fp_splitA
 .text.avr-libc.fplib
                0x000021e4       0x2e d:/programs/atmel studio/7.0/toolchain/avr8/avr8-gnu-toolchain/bin/../lib/gcc/avr/5.4.0/../../../../avr/lib/avr5\libm.a(fp_trunc.o)
                0x000021e4                __fp_trunc
 .text.avr-libc.fplib
                0x00002212        0xe d:/programs/atmel studio/7.0/toolchain/avr8/avr8-gnu-toolchain/bin/../lib/gcc/avr/5.4.0/../../../../avr/lib/avr5\libm.a(fp_zero.o)
                0x00002212                __fp_zero
                0x00002214                __fp_szero
 .text.avr-libc.fplib
                0x00002220        0x8 d:/programs/atmel studio/7.0/toolchain/avr8/avr8-gnu-toolchain/bin/../lib/gcc/avr/5.4.0/../../../../avr/lib/avr5\libm.a(gesf2.o)
                0x00002220                __gesf2
                0x00002220                __gtsf2
 .text.avr-libc.fplib
                0x00002228        0x4 d:/programs/atmel studio/7.0/toolchain/avr8/avr8-gnu-toolchain/bin/../lib/gcc/avr/5.4.0/../../../../avr/lib/avr5\libm.a(mulsf3.o)
                0x00002228                __mulsf3
 .text.avr-libc.fplib
                0x0000222c       0xc2 d:/programs/atmel studio/7.0/toolchain/avr8/avr8-gnu-toolchain/bin/../lib/gcc/avr/5.4.0/../../../../avr/lib/avr5\libm.a(mulsf3x.o)
                0x00002240                __mulsf3x
                0x00002244                __mulsf3_pse
 .text.libgcc.div
                0x000022ee       0x26 d:/programs/atmel studio/7.0/toolchain/avr8/avr8-gnu-toolchain/bin/../lib/gcc/avr/5.4.0/avr5\libgcc.a(_divmodhi4.o)
                0x000022ee                _div
                0x000022ee                __divmodhi4
 .text.libgcc.div
                0x00002314       0x28 d:/programs/atmel studio/7.0/toolchain/avr8/avr8-gnu-toolchain/bin/../lib/gcc/avr/5.4.0/avr5\libgcc.a(_udivmodhi4.o)
                0x00002314                __udivmodhi4
                0x0000233c                . = ALIGN (0x2)
 *(.fini9)
 .fini9         0x0000233c        0x0 d:/programs/atmel studio/7.0/toolchain/avr8/avr8-gnu-toolchain/bin/../lib/gcc/avr/5.4.0/avr5\libgcc.a(_exit.o)
                0x0000233c                _exit
                0x0000233c                exit
 *(.fini9)
 *(.fini8)
 *(.fini8)
 *(.fini7)
 *(.fini7)
 *(.fini6)
 *(.fini6)
 *(.fini5)
 *(.fini5)
 *(.fini4)
 *(.fini4)
 *(.fini3)
 *(.fini3)
 *(.fini2)
 *(.fini2)
 *(.fini1)
 *(.fini1)
 *(.fini0)
 .fini0         0x0000233c        0x4 d:/programs/atmel studio/7.0/toolchain/avr8/avr8-gnu-toolchain/bin/../lib/gcc/avr/5.4.0/avr5\libgcc.a(_exit.o)
 *(.fini0)
                0x00002340                _etext = .

.data           0x00800100      0x2b6 load address 0x00002340
                0x00800100                PROVIDE (__data_start, .)
 *(.data)
 *(.data*)
 .data.lvl_mag_old.2080
                0x00800100        0x1 src/BNO055/BNO055.o
 .data.lvl_acc_old.2079
                0x00800101        0x1 src/BNO055/BNO055.o
 .data.lvl_gyro_old.2078
                0x00800102        0x1 src/BNO055/BNO055.o
 .data.lvl_sys_old.2077
                0x00800103        0x1 src/BNO055/BNO055.o
 .data._addr_calib
                0x00800104        0x1 src/BNO055/BNO055.o
 .data._addr_angle
                0x00800105        0x1 src/BNO055/BNO055.o
 .data.CONF_streaming_on
                0x00800106        0x1 src/console/console.o
                0x00800106                CONF_streaming_on
 *(.gnu.linkonce.d*)
 *(.rodata)
 *(.rodata*)
 .rodata.str1.1
                0x00800107      0x1a6 src/BNO055/BNO055.o
                                0x1aa (size before relaxing)
 .rodata.str1.1
                0x008002ad       0xf7 src/console/console.o
 .rodata.str1.1
                0x008003a4       0x12 src/i2c/i2c.o
 .rodata.str1.1
                0x008003b6       0x36 src/main.o
 *(.gnu.linkonce.r*)
                0x008003ec                . = ALIGN (0x2)
                0x008003ec                _edata = .
                0x008003ec                PROVIDE (__data_end, .)

.bss            0x008003b6      0x1b0
                0x008003b6                PROVIDE (__bss_start, .)
 *(.bss)
 *(.bss*)
 .bss._time.2089
                0x008003b6        0x4 src/BNO055/BNO055.o
 .bss.calib_time.2081
                0x008003ba        0x4 src/BNO055/BNO055.o
 .bss._local    0x008003be        0xa src/BNO055/BNO055.o
 .bss._cmd      0x008003c8       0x1f src/console/console.o
 .bss._pid      0x008003e7       0x22 src/control_system/control_system.o
 .bss._local    0x00800409       0x3c src/i2c/i2c.o
 .bss._local    0x00800445        0xd src/indicator/indicator.o
 .bss._local    0x00800452      0x106 src/uart/uart.o
 *(COMMON)
 COMMON         0x00800558        0xe src/control_system/control_system.o
                0x00800558                _dev_bno_x
                0x0080055c                _dev_bno_cal_acc
                0x0080055d                _dev_bno_y
                0x00800561                _dev_bno_cal_gyro
                0x00800562                _dev_bno_z
                0x00800566                PROVIDE (__bss_end, .)
                0x00002340                __data_load_start = LOADADDR (.data)
                0x000025f6                __data_load_end = (__data_load_start + SIZEOF (.data))

.noinit         0x00800566        0x0
                [!provide]                PROVIDE (__noinit_start, .)
 *(.noinit*)
                [!provide]                PROVIDE (__noinit_end, .)
                0x00800566                _end = .
                [!provide]                PROVIDE (__heap_start, .)

.eeprom         0x00810000        0x0
 *(.eeprom*)
                0x00810000                __eeprom_end = .

.fuse
 *(.fuse)
 *(.lfuse)
 *(.hfuse)
 *(.efuse)

.lock
 *(.lock*)

.signature
 *(.signature*)

.user_signatures
 *(.user_signatures*)

.stab
 *(.stab)

.stabstr
 *(.stabstr)

.stab.excl
 *(.stab.excl)

.stab.exclstr
 *(.stab.exclstr)

.stab.index
 *(.stab.index)

.stab.indexstr
 *(.stab.indexstr)

.comment        0x00000000       0x30
 *(.comment)
 .comment       0x00000000       0x30 src/BNO055/BNO055.o
                                 0x31 (size before relaxing)
 .comment       0x00000030       0x31 src/console/console.o
 .comment       0x00000030       0x31 src/control_system/control_system.o
 .comment       0x00000030       0x31 src/EEPROM/eeprom.o
 .comment       0x00000030       0x31 src/i2c/i2c.o
 .comment       0x00000030       0x31 src/indicator/indicator.o
 .comment       0x00000030       0x31 src/main.o
 .comment       0x00000030       0x31 src/misc/circular_buff.o
 .comment       0x00000030       0x31 src/motors/motors.o
 .comment       0x00000030       0x31 src/uart/uart.o

.note.gnu.avr.deviceinfo
                0x00000000       0x40
 .note.gnu.avr.deviceinfo
                0x00000000       0x40 D:/Programs/Atmel Studio/7.0/Packs/atmel/ATmega_DFP/1.2.209/gcc/dev/atmega328p/avr5/crtatmega328p.o

.note.gnu.build-id
 *(.note.gnu.build-id)

.debug
 *(.debug)

.line
 *(.line)

.debug_srcinfo
 *(.debug_srcinfo)

.debug_sfnames
 *(.debug_sfnames)

.debug_aranges  0x00000000      0x140
 *(.debug_aranges)
 .debug_aranges
                0x00000000       0x20 src/BNO055/BNO055.o
 .debug_aranges
                0x00000020       0x20 src/console/console.o
 .debug_aranges
                0x00000040       0x20 src/control_system/control_system.o
 .debug_aranges
                0x00000060       0x20 src/EEPROM/eeprom.o
 .debug_aranges
                0x00000080       0x20 src/i2c/i2c.o
 .debug_aranges
                0x000000a0       0x20 src/indicator/indicator.o
 .debug_aranges
                0x000000c0       0x20 src/main.o
 .debug_aranges
                0x000000e0       0x20 src/misc/circular_buff.o
 .debug_aranges
                0x00000100       0x20 src/motors/motors.o
 .debug_aranges
                0x00000120       0x20 src/uart/uart.o

.debug_pubnames
 *(.debug_pubnames)

.debug_info     0x00000000     0x434a
 *(.debug_info .gnu.linkonce.wi.*)
 .debug_info    0x00000000      0x5f4 D:/Programs/Atmel Studio/7.0/Packs/atmel/ATmega_DFP/1.2.209/gcc/dev/atmega328p/avr5/crtatmega328p.o
 .debug_info    0x000005f4     0x1471 src/BNO055/BNO055.o
 .debug_info    0x00001a65      0x9cf src/console/console.o
 .debug_info    0x00002434      0xe1e src/control_system/control_system.o
 .debug_info    0x00003252      0x2ae src/EEPROM/eeprom.o
 .debug_info    0x00003500      0x2c4 src/i2c/i2c.o
 .debug_info    0x000037c4      0x42a src/indicator/indicator.o
 .debug_info    0x00003bee      0x141 src/main.o
 .debug_info    0x00003d2f      0x16f src/misc/circular_buff.o
 .debug_info    0x00003e9e      0x12c src/motors/motors.o
 .debug_info    0x00003fca      0x380 src/uart/uart.o

.debug_abbrev   0x00000000     0x1698
 *(.debug_abbrev)
 .debug_abbrev  0x00000000      0x5a2 D:/Programs/Atmel Studio/7.0/Packs/atmel/ATmega_DFP/1.2.209/gcc/dev/atmega328p/avr5/crtatmega328p.o
 .debug_abbrev  0x000005a2      0x308 src/BNO055/BNO055.o
 .debug_abbrev  0x000008aa      0x2a2 src/console/console.o
 .debug_abbrev  0x00000b4c      0x347 src/control_system/control_system.o
 .debug_abbrev  0x00000e93      0x173 src/EEPROM/eeprom.o
 .debug_abbrev  0x00001006      0x18d src/i2c/i2c.o
 .debug_abbrev  0x00001193       0xc3 src/indicator/indicator.o
 .debug_abbrev  0x00001256       0x9a src/main.o
 .debug_abbrev  0x000012f0       0xee src/misc/circular_buff.o
 .debug_abbrev  0x000013de       0xb1 src/motors/motors.o
 .debug_abbrev  0x0000148f      0x209 src/uart/uart.o

.debug_line     0x00000000     0x2eef
 *(.debug_line .debug_line.* .debug_line_end)
 .debug_line    0x00000000      0x133 D:/Programs/Atmel Studio/7.0/Packs/atmel/ATmega_DFP/1.2.209/gcc/dev/atmega328p/avr5/crtatmega328p.o
 .debug_line    0x00000133      0x7f8 src/BNO055/BNO055.o
 .debug_line    0x0000092b      0x634 src/console/console.o
 .debug_line    0x00000f5f      0x7cb src/control_system/control_system.o
 .debug_line    0x0000172a      0x388 src/EEPROM/eeprom.o
 .debug_line    0x00001ab2      0x464 src/i2c/i2c.o
 .debug_line    0x00001f16      0x331 src/indicator/indicator.o
 .debug_line    0x00002247      0x470 src/main.o
 .debug_line    0x000026b7      0x1b2 src/misc/circular_buff.o
 .debug_line    0x00002869      0x2c3 src/motors/motors.o
 .debug_line    0x00002b2c      0x3c3 src/uart/uart.o

.debug_frame    0x00000000      0xa38
 *(.debug_frame)
 .debug_frame   0x00000000      0x2ac src/BNO055/BNO055.o
 .debug_frame   0x000002ac      0x198 src/console/console.o
 .debug_frame   0x00000444      0x218 src/control_system/control_system.o
 .debug_frame   0x0000065c       0x94 src/EEPROM/eeprom.o
 .debug_frame   0x000006f0       0xb8 src/i2c/i2c.o
 .debug_frame   0x000007a8       0x4c src/indicator/indicator.o
 .debug_frame   0x000007f4       0x7c src/main.o
 .debug_frame   0x00000870       0x5c src/misc/circular_buff.o
 .debug_frame   0x000008cc       0x44 src/motors/motors.o
 .debug_frame   0x00000910      0x128 src/uart/uart.o

.debug_str      0x00000000     0x8d12
 *(.debug_str)
 .debug_str     0x00000000      0x208 D:/Programs/Atmel Studio/7.0/Packs/atmel/ATmega_DFP/1.2.209/gcc/dev/atmega328p/avr5/crtatmega328p.o
 .debug_str     0x00000208     0x80a4 src/BNO055/BNO055.o
                               0x81fd (size before relaxing)
 .debug_str     0x000082ac      0x362 src/console/console.o
                               0x8024 (size before relaxing)
 .debug_str     0x0000860e      0x422 src/control_system/control_system.o
                               0x8425 (size before relaxing)
 .debug_str     0x00008a30       0x39 src/EEPROM/eeprom.o
                               0x6d70 (size before relaxing)
 .debug_str     0x00008a69      0x11e src/i2c/i2c.o
                               0x7245 (size before relaxing)
 .debug_str     0x00008b87       0x5a src/indicator/indicator.o
                               0x748d (size before relaxing)
 .debug_str     0x00008be1       0x13 src/main.o
                               0x72a3 (size before relaxing)
 .debug_str     0x00008bf4       0xa2 src/misc/circular_buff.o
                               0x32ec (size before relaxing)
 .debug_str     0x00008c96       0x22 src/motors/motors.o
                               0x68f1 (size before relaxing)
 .debug_str     0x00008cb8       0x5a src/uart/uart.o
                               0x7060 (size before relaxing)

.debug_loc      0x00000000     0x2803
 *(.debug_loc)
 .debug_loc     0x00000000      0xfbf src/BNO055/BNO055.o
 .debug_loc     0x00000fbf      0x634 src/console/console.o
 .debug_loc     0x000015f3      0x749 src/control_system/control_system.o
 .debug_loc     0x00001d3c      0x2cd src/EEPROM/eeprom.o
 .debug_loc     0x00002009      0x1c2 src/i2c/i2c.o
 .debug_loc     0x000021cb       0xb1 src/indicator/indicator.o
 .debug_loc     0x0000227c      0x18e src/main.o
 .debug_loc     0x0000240a       0xc1 src/misc/circular_buff.o
 .debug_loc     0x000024cb       0x4c src/motors/motors.o
 .debug_loc     0x00002517      0x2ec src/uart/uart.o

.debug_macinfo
 *(.debug_macinfo)

.debug_weaknames
 *(.debug_weaknames)

.debug_funcnames
 *(.debug_funcnames)

.debug_typenames
 *(.debug_typenames)

.debug_varnames
 *(.debug_varnames)

.debug_pubtypes
 *(.debug_pubtypes)

.debug_ranges   0x00000000       0x28
 *(.debug_ranges)
 .debug_ranges  0x00000000       0x18 src/BNO055/BNO055.o
 .debug_ranges  0x00000018       0x10 src/main.o

.debug_macro    0x00000000     0x367e
 *(.debug_macro)
 .debug_macro   0x00000000      0x105 src/BNO055/BNO055.o
 .debug_macro   0x00000105      0xa54 src/BNO055/BNO055.o
 .debug_macro   0x00000b59      0x1c9 src/BNO055/BNO055.o
 .debug_macro   0x00000d22       0x22 src/BNO055/BNO055.o
 .debug_macro   0x00000d44       0x16 src/BNO055/BNO055.o
 .debug_macro   0x00000d5a       0x16 src/BNO055/BNO055.o
 .debug_macro   0x00000d70       0x10 src/BNO055/BNO055.o
 .debug_macro   0x00000d80      0x302 src/BNO055/BNO055.o
 .debug_macro   0x00001082      0x166 src/BNO055/BNO055.o
 .debug_macro   0x000011e8       0xaa src/BNO055/BNO055.o
 .debug_macro   0x00001292     0x1410 src/BNO055/BNO055.o
 .debug_macro   0x000026a2      0x13a src/BNO055/BNO055.o
 .debug_macro   0x000027dc       0xbd src/BNO055/BNO055.o
 .debug_macro   0x00002899       0x34 src/BNO055/BNO055.o
 .debug_macro   0x000028cd       0x18 src/BNO055/BNO055.o
 .debug_macro   0x000028e5       0x6c src/BNO055/BNO055.o
 .debug_macro   0x00002951       0x69 src/BNO055/BNO055.o
 .debug_macro   0x000029ba       0x16 src/BNO055/BNO055.o
 .debug_macro   0x000029d0       0x58 src/BNO055/BNO055.o
 .debug_macro   0x00002a28       0x10 src/BNO055/BNO055.o
 .debug_macro   0x00002a38      0x10a src/console/console.o
 .debug_macro   0x00002b42       0x10 src/console/console.o
 .debug_macro   0x00002b52       0x10 src/console/console.o
 .debug_macro   0x00002b62      0x2fc src/console/console.o
 .debug_macro   0x00002e5e       0x9e src/console/console.o
 .debug_macro   0x00002efc       0x2e src/console/console.o
 .debug_macro   0x00002f2a      0x133 src/control_system/control_system.o
 .debug_macro   0x0000305d       0x34 src/control_system/control_system.o
 .debug_macro   0x00003091       0x2e src/control_system/control_system.o
 .debug_macro   0x000030bf       0x28 src/control_system/control_system.o
 .debug_macro   0x000030e7       0xa3 src/EEPROM/eeprom.o
 .debug_macro   0x0000318a       0xee src/i2c/i2c.o
 .debug_macro   0x00003278       0x1c src/i2c/i2c.o
 .debug_macro   0x00003294       0xcc src/indicator/indicator.o
 .debug_macro   0x00003360      0x139 src/main.o
 .debug_macro   0x00003499       0x22 src/main.o
 .debug_macro   0x000034bb       0x3d src/misc/circular_buff.o
 .debug_macro   0x000034f8       0x10 src/misc/circular_buff.o
 .debug_macro   0x00003508       0xa4 src/motors/motors.o
 .debug_macro   0x000035ac       0xd2 src/uart/uart.o
OUTPUT(TWIP.elf elf32-avr)
LOAD linker stubs
